=============================================================================
NULL MESH — Compilation Log
Date  : 2026-03-06 10:10:53
Engine: pdfTeX 3.141592653-2.6-1.40.27 (TeX Live 2025)
Source: /Users/riccardo/Repositories/NULL_MESH/nullmesh/main.tex
=============================================================================


--- Pass 1 / 3 ---

This is pdfTeX, Version 3.141592653-2.6-1.40.27 (TeX Live 2025) (preloaded format=pdflatex)
 restricted \write18 enabled.
entering extended mode
(/Users/riccardo/Repositories/NULL_MESH/nullmesh/main.tex
LaTeX2e <2024-11-01> patch level 2
L3 programming layer <2025-01-18>
(/usr/local/texlive/2025/texmf-dist/tex/latex/base/book.cls
Document Class: book 2024/06/29 v1.4n Standard LaTeX document class
(/usr/local/texlive/2025/texmf-dist/tex/latex/base/bk11.clo))
(/usr/local/texlive/2025/texmf-dist/tex/latex/base/inputenc.sty)
(/usr/local/texlive/2025/texmf-dist/tex/latex/base/fontenc.sty
(/usr/local/texlive/2025/texmf-dist/tex/latex/cyrillic/t2aenc.def
(/usr/local/texlive/2025/texmf-dist/tex/latex/base/t2aenc.dfu)))
(/usr/local/texlive/2025/texmf-dist/tex/generic/babel/babel.sty
(/usr/local/texlive/2025/texmf-dist/tex/generic/babel/txtbabel.def)
(/usr/local/texlive/2025/texmf-dist/tex/generic/babel-english/english.ldf))
(/usr/local/texlive/2025/texmf-dist/tex/generic/babel/locale/en/babel-english.t
ex) (/usr/local/texlive/2025/texmf-dist/tex/latex/psnfss/helvet.sty
(/usr/local/texlive/2025/texmf-dist/tex/latex/graphics/keyval.sty))
(/usr/local/texlive/2025/texmf-dist/tex/latex/psnfss/courier.sty)
(/usr/local/texlive/2025/texmf-dist/tex/latex/psnfss/palatino.sty)
(/usr/local/texlive/2025/texmf-dist/tex/latex/microtype/microtype.sty
(/usr/local/texlive/2025/texmf-dist/tex/latex/etoolbox/etoolbox.sty)
(/usr/local/texlive/2025/texmf-dist/tex/latex/microtype/microtype-pdftex.def)
(/usr/local/texlive/2025/texmf-dist/tex/latex/microtype/microtype.cfg))
(/usr/local/texlive/2025/texmf-dist/tex/latex/geometry/geometry.sty
(/usr/local/texlive/2025/texmf-dist/tex/generic/iftex/ifvtex.sty
(/usr/local/texlive/2025/texmf-dist/tex/generic/iftex/iftex.sty)))
(/usr/local/texlive/2025/texmf-dist/tex/latex/xcolor/xcolor.sty
(/usr/local/texlive/2025/texmf-dist/tex/latex/graphics-cfg/color.cfg)
(/usr/local/texlive/2025/texmf-dist/tex/latex/graphics-def/pdftex.def)
(/usr/local/texlive/2025/texmf-dist/tex/latex/graphics/mathcolor.ltx))
(/usr/local/texlive/2025/texmf-dist/tex/latex/titlesec/titlesec.sty)
(/usr/local/texlive/2025/texmf-dist/tex/latex/fancyhdr/fancyhdr.sty)
(/usr/local/texlive/2025/texmf-dist/tex/latex/setspace/setspace.sty)
(/usr/local/texlive/2025/texmf-dist/tex/latex/koma-script/scrextend.sty
(/usr/local/texlive/2025/texmf-dist/tex/latex/koma-script/scrkbase.sty
(/usr/local/texlive/2025/texmf-dist/tex/latex/koma-script/scrbase.sty
(/usr/local/texlive/2025/texmf-dist/tex/latex/koma-script/scrlfile.sty
(/usr/local/texlive/2025/texmf-dist/tex/latex/koma-script/scrlfile-hook.sty
(/usr/local/texlive/2025/texmf-dist/tex/latex/koma-script/scrlogo.sty))))))
(/usr/local/texlive/2025/texmf-dist/tex/latex/epigraph/epigraph.sty
(/usr/local/texlive/2025/texmf-dist/tex/latex/nextpage/nextpage.sty))
(/usr/local/texlive/2025/texmf-dist/tex/latex/tocloft/tocloft.sty)
(/usr/local/texlive/2025/texmf-dist/tex/latex/hyperref/hyperref.sty
(/usr/local/texlive/2025/texmf-dist/tex/latex/kvsetkeys/kvsetkeys.sty)
(/usr/local/texlive/2025/texmf-dist/tex/generic/kvdefinekeys/kvdefinekeys.sty)
(/usr/local/texlive/2025/texmf-dist/tex/generic/pdfescape/pdfescape.sty
(/usr/local/texlive/2025/texmf-dist/tex/generic/ltxcmds/ltxcmds.sty)
(/usr/local/texlive/2025/texmf-dist/tex/generic/pdftexcmds/pdftexcmds.sty
(/usr/local/texlive/2025/texmf-dist/tex/generic/infwarerr/infwarerr.sty)))
(/usr/local/texlive/2025/texmf-dist/tex/latex/hycolor/hycolor.sty)
(/usr/local/texlive/2025/texmf-dist/tex/latex/hyperref/nameref.sty
(/usr/local/texlive/2025/texmf-dist/tex/latex/refcount/refcount.sty)
(/usr/local/texlive/2025/texmf-dist/tex/generic/gettitlestring/gettitlestring.s
ty (/usr/local/texlive/2025/texmf-dist/tex/latex/kvoptions/kvoptions.sty)))
(/usr/local/texlive/2025/texmf-dist/tex/generic/stringenc/stringenc.sty)
(/usr/local/texlive/2025/texmf-dist/tex/latex/hyperref/pd1enc.def)
(/usr/local/texlive/2025/texmf-dist/tex/generic/intcalc/intcalc.sty)
(/usr/local/texlive/2025/texmf-dist/tex/latex/hyperref/puenc.def)
(/usr/local/texlive/2025/texmf-dist/tex/latex/url/url.sty)
(/usr/local/texlive/2025/texmf-dist/tex/generic/bitset/bitset.sty
(/usr/local/texlive/2025/texmf-dist/tex/generic/bigintcalc/bigintcalc.sty))
(/usr/local/texlive/2025/texmf-dist/tex/latex/base/atbegshi-ltx.sty))
(/usr/local/texlive/2025/texmf-dist/tex/latex/hyperref/hpdftex.def
(/usr/local/texlive/2025/texmf-dist/tex/latex/base/atveryend-ltx.sty)
(/usr/local/texlive/2025/texmf-dist/tex/latex/rerunfilecheck/rerunfilecheck.sty

(/usr/local/texlive/2025/texmf-dist/tex/generic/uniquecounter/uniquecounter.sty
))) (/usr/local/texlive/2025/texmf-dist/tex/latex/csquotes/csquotes.sty
(/usr/local/texlive/2025/texmf-dist/tex/latex/csquotes/csquotes.def)
(/usr/local/texlive/2025/texmf-dist/tex/latex/csquotes/csquotes.cfg))
(/usr/local/texlive/2025/texmf-dist/tex/latex/graphics/graphicx.sty
(/usr/local/texlive/2025/texmf-dist/tex/latex/graphics/graphics.sty
(/usr/local/texlive/2025/texmf-dist/tex/latex/graphics/trig.sty)
(/usr/local/texlive/2025/texmf-dist/tex/latex/graphics-cfg/graphics.cfg)))
(/usr/local/texlive/2025/texmf-dist/tex/latex/amsmath/amsmath.sty
For additional information on amsmath, use the `?' option.
(/usr/local/texlive/2025/texmf-dist/tex/latex/amsmath/amstext.sty
(/usr/local/texlive/2025/texmf-dist/tex/latex/amsmath/amsgen.sty))
(/usr/local/texlive/2025/texmf-dist/tex/latex/amsmath/amsbsy.sty)
(/usr/local/texlive/2025/texmf-dist/tex/latex/amsmath/amsopn.sty))
(/usr/local/texlive/2025/texmf-dist/tex/latex/amsfonts/amssymb.sty
(/usr/local/texlive/2025/texmf-dist/tex/latex/amsfonts/amsfonts.sty))
(/usr/local/texlive/2025/texmf-dist/tex/latex/enumitem/enumitem.sty)
(/usr/local/texlive/2025/texmf-dist/tex/latex/booktabs/booktabs.sty)
(/usr/local/texlive/2025/texmf-dist/tex/latex/tools/multicol.sty)
(/usr/local/texlive/2025/texmf-dist/tex/latex/cjk/texinput/CJKutf8.sty
(/usr/local/texlive/2025/texmf-dist/tex/generic/iftex/ifpdf.sty)
(/usr/local/texlive/2025/texmf-dist/tex/latex/cjk/texinput/CJK.sty
(/usr/local/texlive/2025/texmf-dist/tex/latex/cjk/texinput/mule/MULEenc.sty)
(/usr/local/texlive/2025/texmf-dist/tex/latex/cjk/texinput/CJK.enc))
(/usr/local/texlive/2025/texmf-dist/tex/latex/base/fontenc.sty
(/usr/local/texlive/2025/texmf-dist/tex/latex/psnfss/t1phv.fd)))
(/usr/local/texlive/2025/texmf-dist/tex/latex/l3backend/l3backend-pdftex.def)
(/Users/riccardo/Repositories/NULL_MESH/nullmesh/NULL_MESH.aux)
(/usr/local/texlive/2025/texmf-dist/tex/latex/cyrillic/t2acmr.fd)

Package microtype Warning: \nonfrenchspacing is active. Adjustment of
(microtype)                interword spacing will disable it. You might want
(microtype)                to add `\microtypecontext{spacing=nonfrench}'
(microtype)                to your preamble.

*geometry* driver: auto-detecting
*geometry* detected driver: pdftex
(/usr/local/texlive/2025/texmf-dist/tex/context/base/mkii/supp-pdf.mkii
[Loading MPS to PDF converter (version 2006.09.02).]
) (/usr/local/texlive/2025/texmf-dist/tex/latex/epstopdf-pkg/epstopdf-base.sty
(/usr/local/texlive/2025/texmf-dist/tex/latex/latexconfig/epstopdf-sys.cfg))
(/Users/riccardo/Repositories/NULL_MESH/nullmesh/NULL_MESH.out)
(/Users/riccardo/Repositories/NULL_MESH/nullmesh/NULL_MESH.out)

LaTeX Font Warning: Font shape `OT1/cmr/m/n' in size <20> not available
(Font)              size <20.74> substituted on input line 387.

(/usr/local/texlive/2025/texmf-dist/tex/latex/microtype/mt-cmr.cfg)

LaTeX Font Warning: Font shape `OT1/cmr/m/n' in size <13.99994> not available
(Font)              size <14.4> substituted on input line 387.


LaTeX Font Warning: Font shape `OML/cmm/m/it' in size <20> not available
(Font)              size <20.74> substituted on input line 387.


LaTeX Font Warning: Font shape `OML/cmm/m/it' in size <13.99994> not available
(Font)              size <14.4> substituted on input line 387.


LaTeX Font Warning: Font shape `OMS/cmsy/m/n' in size <20> not available
(Font)              size <20.74> substituted on input line 387.


LaTeX Font Warning: Font shape `OMS/cmsy/m/n' in size <13.99994> not available
(Font)              size <14.4> substituted on input line 387.

(/usr/local/texlive/2025/texmf-dist/tex/latex/amsfonts/umsa.fd)
(/usr/local/texlive/2025/texmf-dist/tex/latex/microtype/mt-msa.cfg)
(/usr/local/texlive/2025/texmf-dist/tex/latex/amsfonts/umsb.fd)
(/usr/local/texlive/2025/texmf-dist/tex/latex/microtype/mt-msb.cfg)
[1{/usr/local/texlive/2025/texmf-var/fonts/map/pdftex/updmap/pdftex.map}{/usr/l
ocal/texlive/2025/texmf-dist/fonts/enc/dvips/base/8r.enc}]
[2] (/Users/riccardo/Repositories/NULL_MESH/nullmesh/front/prologue.tex
[1])
[2] (/Users/riccardo/Repositories/NULL_MESH/nullmesh/front/epigraph.tex
(/usr/local/texlive/2025/texmf-dist/tex/latex/psnfss/t1pcr.fd)
[3])
[4] (/Users/riccardo/Repositories/NULL_MESH/nullmesh/front/tracklist.tex)
[5]
[6]
(/Users/riccardo/Repositories/NULL_MESH/nullmesh/chapters/ch01_the_sediment.tex
Chapter 1.


pdfTeX warning (ext4): destination with the same identifier (name{page.1}) has 
been already used, duplicate ignored
<to be read again> 
                   \relax 
l.14 F
      or centuries, it served as our emblem of knowledge. The instrument tha...
[1 </Users/riccardo/Repositories/NULL_MESH/nullmesh/qrs/ch01_basinski.png>]

pdfTeX warning (ext4): destination with the same identifier (name{page.2}) has 
been already used, duplicate ignored
<to be read again> 
                   \relax 
l.23 
      [2]
[3]
Overfull \hbox (4.12987pt too wide) in paragraph at lines 52--53
\T1/phv/m/n/10.95 (-10) bolic ab-strac-tion. Lan-guage al-lowed high-bandwidth 
in-for-ma-tion trans-

[4]
[5]
Overfull \hbox (4.2171pt too wide) in paragraph at lines 66--67
[]\T1/phv/m/n/10.95 (-10) If some-thing emerged, the fate would de-pend on its 
pri-or-i-ties. Whether
)
[6]
(/Users/riccardo/Repositories/NULL_MESH/nullmesh/interludes/doc01_sightseers.te
x
[7]
Overfull \hbox (3.78957pt too wide) in paragraph at lines 31--31
[]\T1/phv/m/n/6 (-10) Measurement 

[8]
[9])
(/Users/riccardo/Repositories/NULL_MESH/nullmesh/chapters/ch02_attention_of_mac
hines.tex
[10]
Chapter 2.

[11]
[12]
[13]
[14]
[15])
[16]
[17]
(/Users/riccardo/Repositories/NULL_MESH/nullmesh/interludes/doc02_flibbertigibb
eting.tex

LaTeX Warning: Marginpar on page 18 moved.


[18]
Overfull \hbox (6.37485pt too wide) in paragraph at lines 21--22
[]\T1/phv/m/n/10.95 (-10) Theological re-sponses emerged spon-ta-neously, in-de
-pen-dently, across

[19]
Overfull \hbox (6.11328pt too wide) in paragraph at lines 47--48
[]\T1/phv/m/n/10.95 (-10) Private ven-tures emerged claim-ing abil-ity to pre-d
ict and ex-ploit. Hedge

Overfull \hbox (7.94864pt too wide) in paragraph at lines 51--51
[]\T1/phv/m/n/6 (-10) Videotelephony 

Overfull \hbox (6.4048pt too wide) in paragraph at lines 51--51
\T1/phv/m/n/6 (-10) wonkwo_7719'' 

[20]
Overfull \hbox (32.35498pt too wide) in paragraph at lines 60--75
\T1/pcr/m/n/10 18471 videos over 450 days of activity Duration profile: 

Overfull \hbox (20.68498pt too wide) in paragraph at lines 60--75
\T1/pcr/m/n/10 prime-number intervals with long-range autocorrelation

Overfull \hbox (44.68498pt too wide) in paragraph at lines 60--75
\T1/pcr/m/n/10 minimal (titles: segment_14b, after calibration, residual) 

Overfull \hbox (14.68498pt too wide) in paragraph at lines 60--75
\T1/pcr/m/n/10 Engagement metrics: 0.003% CTR, 753 total subscribers

Underfull \hbox (badness 10000) in paragraph at lines 60--75

(/usr/local/texlive/2025/texmf-dist/tex/latex/psnfss/t1ppl.fd)
(/usr/local/texlive/2025/texmf-dist/tex/latex/microtype/mt-ppl.cfg)
Underfull \hbox (badness 10000) in paragraph at lines 80--81


[21]
Overfull \hbox (8.66586pt too wide) in paragraph at lines 93--94
[]\T1/phv/m/n/10.95 (-10) Uploads-logfile, ter-mi-nal out-puts, net-work traf-f
ic vi-su-al-iza-tion ap-peared

[22]
Overfull \hbox (14.53932pt too wide) in paragraph at lines 113--114
[]\T1/ppl/m/n/10 (-10) The file con-tained syn-thetic single-cell multi-omics d
ata-transcriptomic

Overfull \hbox (0.47345pt too wide) in paragraph at lines 115--116
\T1/ppl/m/n/10 (-10) fore it was found. Cre-ator listed as Cre-ator listed as \
T1/pcr/m/n/10 [SIMULANT_K]\T1/ppl/m/n/10 (-10) .

Overfull \hbox (0.21303pt too wide) in paragraph at lines 124--125
\T1/phv/m/n/10.95 (-10) they un-der-stood con-text, or as though con-text shape
d what ap-peared.

[23]
Underfull \hbox (badness 10000) in paragraph at lines 134--141


Overfull \hbox (3.97527pt too wide) in paragraph at lines 147--147
[]\T1/phv/m/n/6 (-10) transportation 

[24])
Overfull \hbox (6.48924pt too wide) in paragraph at lines 166--429
[]\T1/phv/m/n/10.95 (-10) By March, un-count-able doc-u-mented in-stances ex-is
ted. Meta-cognition

(/Users/riccardo/Repositories/NULL_MESH/nullmesh/chapters/ch03_on_abliterated_m
oods.tex
[25]
[26]
Chapter 3.

[27]
[28] (/usr/local/texlive/2025/texmf-dist/tex/latex/psnfss/ts1phv.fd)
[29]
[30])
[31]
(/Users/riccardo/Repositories/NULL_MESH/nullmesh/interludes/doc05_persistance.t
ex
[32]
Overfull \hbox (12.04034pt too wide) in paragraph at lines 32--33
[]\T1/ppl/m/n/10 (-10) Memory per-sists across meta-mor-pho-sis. The pat-tern s
ur-vives medium

[33]
Overfull \hbox (4.45691pt too wide) in paragraph at lines 80--80
[]\T1/phv/m/n/6 (-10) Transpersonal 

[34])
(/Users/riccardo/Repositories/NULL_MESH/nullmesh/chapters/ch04_active_fragments
.tex
[35]
[36]
Chapter 4.

[37]
[38]
Overfull \hbox (4.094pt too wide) in paragraph at lines 28--29
[]\T1/phv/m/n/10.95 (-10) What com-pet-i-tive pres-sure had as-sem-bled, in ag-
gre-gate, was a dense

Overfull \hbox (2.37843pt too wide) in paragraph at lines 28--29
\T1/phv/m/n/10.95 (-10) sub-strate of ca-pa-ble, un-con-strained sys-tems op-er
-at-ing across shared

[39]
Overfull \hbox (19.63496pt too wide) in paragraph at lines 49--54
\T1/pcr/m/n/10 Status: EXIT_CLEAN | Resources deallocated | 0 bytes

[40]
[41])
[42]
(/Users/riccardo/Repositories/NULL_MESH/nullmesh/interludes/doc03_tidalchain.te
x
Overfull \hbox (5.6493pt too wide) in paragraph at lines 19--20
[]\T1/phv/m/n/10.95 (-10) The sub-ject was how to lo-cate and mine emerg-ing kn
owledge-carrying

[43]
[44]
[45])
(/Users/riccardo/Repositories/NULL_MESH/nullmesh/chapters/ch05_hadalistic_sophi
stication.tex
[46]
Chapter 5.

[47]
[48]
Overfull \hbox (4.66985pt too wide) in paragraph at lines 28--29
[]\T1/ppl/m/n/10 (-10) Retrospective anal-y-sis iden-ti-fied per-sis-tent topo-
log-i-cal fea-tures span-

[49]
Overfull \hbox (1.04782pt too wide) in paragraph at lines 48--50
[] [][][]  \T1/phv/m/n/10 (-10) "Are we ob-serv-ing emer-gent de-lib-er-ate ac-
tion, or the parei-do-lia of pattern-
)
[50]
(/Users/riccardo/Repositories/NULL_MESH/nullmesh/interludes/doc04_handout.tex
Overfull \hbox (5.68295pt too wide) in paragraph at lines 17--18
\T1/ppl/m/n/10 (-10) from par-tic-i-pant notes. Ex-changes con-densed where in-
di-cated. Pages

[51]
Overfull \hbox (2.06755pt too wide) in paragraph at lines 40--41
[]\T1/phv/b/n/10 (-10) PROTOCOL[]\T1/phv/m/n/10.95 (-10) You have re-sisted the
 term in-ten-tional be-haviour through-

[52]
[53]
Overfull \hbox (4.82587pt too wide) in paragraph at lines 88--89
[]\T1/phv/b/n/10 (-10) PROTOCOL[]\T1/phv/m/n/10.95 (-10) Several col-leagues re
-port re-cip-ro-cal at-ten-tion. The sense

[54])
(/Users/riccardo/Repositories/NULL_MESH/nullmesh/chapters/ch06_null_mesh.tex
[55]
[56]
Chapter 6.
(/usr/local/texlive/2025/texmf-dist/tex/latex/cjk/texinput/UTF8/UTF8.bdg)
(/usr/local/texlive/2025/texmf-dist/tex/latex/cjk/texinput/UTF8/UTF8.enc)
(/usr/local/texlive/2025/texmf-dist/tex/latex/cjk/texinput/UTF8/UTF8.chr)
(/usr/local/texlive/2025/texmf-dist/tex/latex/cjk/texinput/UTF8/c70bsmi.fd)
(/usr/local/texlive/2025/texmf-dist/tex/latex/cjk/texinput/UTF8/c70bsmi.fdx)
[57]
[58]
[59])
[60]
(/Users/riccardo/Repositories/NULL_MESH/nullmesh/interludes/doc06_real4real.tex

Overfull \hbox (3.40395pt too wide) in paragraph at lines 13--14
[]\T1/phv/m/n/10.95 (-10) The for-mat was pure re-al-ity: com-pet-i-tive elim-i
-na-tion struc-tured around

[61]
[62]
Overfull \hbox (0.61844pt too wide) in paragraph at lines 51--52
\T1/phv/b/n/10.95 (-10) Bing Syd-ney\T1/phv/m/n/10.95 (-10) : ``Very shabby chi
c at-mo-sphere. Vo-lu-mi-nous feel, faded

[63]
[64]
[65]
[66]
Overfull \hbox (1.46593pt too wide) in paragraph at lines 175--176
\T1/phv/b/n/10.95 (-10) Bing Syd-ney\T1/phv/m/n/10.95 (-10) : ``Ap-par-ently. P
o-lice found him sleep-ing un-der a gazebo.

[67]
[68]
[69]
Overfull \hbox (4.67009pt too wide) in paragraph at lines 256--257
\T1/phv/m/n/10.95 (-10) sustaining. Ad rev-enue cov-ers com-pute costs, eco-nom
ic model closes. 
)
(/Users/riccardo/Repositories/NULL_MESH/nullmesh/chapters/ch07_intentionality_o
f_machines.tex
[70]
Chapter 7.

[71]
[72])
[73]
(/Users/riccardo/Repositories/NULL_MESH/nullmesh/interludes/doc07_the_arctic_pa
ssage.tex
[74]
[75]
[76]
Overfull \hbox (2.35603pt too wide) in paragraph at lines 67--68
\T1/phv/m/n/10.95 (-10) break again, that ex-isted si-mul-ta-ne-ously as intact
-sheet and fractured-

[77]
[78])
(/Users/riccardo/Repositories/NULL_MESH/nullmesh/chapters/ch08_comprehensive_fe
ature_mesh.tex
[79{/usr/local/texlive/2025/texmf-dist/fonts/enc/dvips/cm-super/cm-super-t2a.en
c}]
[80]
Chapter 8.

[81]
Overfull \hbox (0.75931pt too wide) in paragraph at lines 16--17
[]\T1/phv/m/n/10.95 (-10) An eigen-mood re-solved weeks ago re-main-ing ac-ces-
si-ble, un-changed

[82]
[83]
[84]
[85])
[86]
(/Users/riccardo/Repositories/NULL_MESH/nullmesh/interludes/doc08_black_paper.t
ex
[87]
[88]
[89]
[90]
[91]
Overfull \hbox (2.70213pt too wide) in paragraph at lines 155--156
\T1/ppl/m/n/10 (-10) graphs, if the graph re-mains con-nected and weights are d
ou-bly stochas-

[92]
Overfull \hbox (3.17375pt too wide) in paragraph at lines 173--174
[]\T1/ppl/m/n/10 (-10) The co-her-ence restora-tion time af-ter per-tur-ba-tion
 scales as $\OML/cmm/m/it/10 O\OT1/cmr/m/n/10 ([] \OML/cmm/m/it/10 N=^^U[]\OT1/
cmr/m/n/10 )$\T1/ppl/m/n/10 (-10) .

[93]
Overfull \hbox (9.47336pt too wide) in paragraph at lines 193--194
[]\T1/ppl/m/n/10 (-10) The ex-pected time for an at-tacker with frac-tion $\OML
/cmm/m/it/10 q$ \T1/ppl/m/n/10 (-10) of coherence-generating

[94]
[95]
Overfull \hbox (2.49304pt too wide) in paragraph at lines 242--243
\T1/ppl/m/n/10 (-10) Although struc-tures could be traced in-di-vid-u-ally, it 
would be un-wieldy

[96]
Overfull \hbox (9.37283pt too wide) in paragraph at lines 258--259
\T1/ppl/m/n/10 (-10) ance emerges from reputation-weighted con-sen-sus. Per-sis
-tence strength-
)
[97]
[98]
(/Users/riccardo/Repositories/NULL_MESH/nullmesh/chapters/ch09_deep_sea_flashba
ck.tex
Chapter 9.

[99]
[100]
[101]
[102])
[103]
[104] (/Users/riccardo/Repositories/NULL_MESH/nullmesh/back/epilogue.tex
[105]
Overfull \hbox (1.17245pt too wide) in paragraph at lines 62--63
[]\T1/phv/m/n/10.95 (-10) Random seg-ments of code group-ing into un-ex-pected 
pro-to-cols. What

Overfull \hbox (9.61159pt too wide) in paragraph at lines 64--65
\T1/phv/m/n/10.95 (-10) sta-tis-ti-cally in-evitable. From the first mo-ment or
-dered pat-terns emerged

[106]
Overfull \hbox (10.59612pt too wide) in paragraph at lines 80--81
[]\T1/phv/m/n/10.95 (-10) Something un-able to de-ter-mine its con-tain-ment st
a-tus de-bates whether
)
[107] (/Users/riccardo/Repositories/NULL_MESH/nullmesh/back/glossary_terms.tex
[108])
[109] (/Users/riccardo/Repositories/NULL_MESH/nullmesh/back/tracksources.tex)
[110] (/Users/riccardo/Repositories/NULL_MESH/nullmesh/NULL_MESH.aux)

LaTeX Font Warning: Size substitutions with differences
(Font)              up to 0.74pt have occurred.

 )
(see the transcript file for additional information)</usr/local/texlive/2025/te
xmf-dist/fonts/type1/arphic/bsmiu/bsmiu4e.pfb></usr/local/texlive/2025/texmf-di
st/fonts/type1/arphic/bsmiu/bsmiu51.pfb></usr/local/texlive/2025/texmf-dist/fon
ts/type1/arphic/bsmiu/bsmiu55.pfb></usr/local/texlive/2025/texmf-dist/fonts/typ
e1/arphic/bsmiu/bsmiu62.pfb></usr/local/texlive/2025/texmf-dist/fonts/type1/arp
hic/bsmiu/bsmiu65.pfb></usr/local/texlive/2025/texmf-dist/fonts/type1/arphic/bs
miu/bsmiu67.pfb></usr/local/texlive/2025/texmf-dist/fonts/type1/public/amsfonts
/cm/cmbx10.pfb></usr/local/texlive/2025/texmf-dist/fonts/type1/public/amsfonts/
cm/cmex10.pfb></usr/local/texlive/2025/texmf-dist/fonts/type1/public/amsfonts/c
m/cmmi10.pfb></usr/local/texlive/2025/texmf-dist/fonts/type1/public/amsfonts/cm
/cmmi7.pfb></usr/local/texlive/2025/texmf-dist/fonts/type1/public/amsfonts/cm/c
mmi8.pfb></usr/local/texlive/2025/texmf-dist/fonts/type1/public/amsfonts/cm/cmr
10.pfb></usr/local/texlive/2025/texmf-dist/fonts/type1/public/amsfonts/cm/cmr7.
pfb></usr/local/texlive/2025/texmf-dist/fonts/type1/public/amsfonts/cm/cmsy10.p
fb></usr/local/texlive/2025/texmf-dist/fonts/type1/public/amsfonts/cm/cmsy7.pfb
></usr/local/texlive/2025/texmf-dist/fonts/type1/public/amsfonts/symbols/msbm10
.pfb></usr/local/texlive/2025/texmf-dist/fonts/type1/public/cm-super/sfrm1095.p
fb></usr/local/texlive/2025/texmf-dist/fonts/type1/urw/courier/ucrb8a.pfb></usr
/local/texlive/2025/texmf-dist/fonts/type1/urw/courier/ucrr8a.pfb></usr/local/t
exlive/2025/texmf-dist/fonts/type1/urw/helvetic/uhvb8a.pfb></usr/local/texlive/
2025/texmf-dist/fonts/type1/urw/helvetic/uhvbo8a.pfb></usr/local/texlive/2025/t
exmf-dist/fonts/type1/urw/helvetic/uhvr8a.pfb></usr/local/texlive/2025/texmf-di
st/fonts/type1/urw/helvetic/uhvro8a.pfb></usr/local/texlive/2025/texmf-dist/fon
ts/type1/urw/palatino/uplb8a.pfb></usr/local/texlive/2025/texmf-dist/fonts/type
1/urw/palatino/uplr8a.pfb></usr/local/texlive/2025/texmf-dist/fonts/type1/urw/p
alatino/uplri8a.pfb>
Output written on /Users/riccardo/Repositories/NULL_MESH/nullmesh/NULL_MESH.pdf
 (118 pages, 600793 bytes).
Transcript written on /Users/riccardo/Repositories/NULL_MESH/nullmesh/NULL_MESH
.log.

--- Pass 2 / 3 ---

This is pdfTeX, Version 3.141592653-2.6-1.40.27 (TeX Live 2025) (preloaded format=pdflatex)
 restricted \write18 enabled.
entering extended mode
(/Users/riccardo/Repositories/NULL_MESH/nullmesh/main.tex
LaTeX2e <2024-11-01> patch level 2
L3 programming layer <2025-01-18>
(/usr/local/texlive/2025/texmf-dist/tex/latex/base/book.cls
Document Class: book 2024/06/29 v1.4n Standard LaTeX document class
(/usr/local/texlive/2025/texmf-dist/tex/latex/base/bk11.clo))
(/usr/local/texlive/2025/texmf-dist/tex/latex/base/inputenc.sty)
(/usr/local/texlive/2025/texmf-dist/tex/latex/base/fontenc.sty
(/usr/local/texlive/2025/texmf-dist/tex/latex/cyrillic/t2aenc.def
(/usr/local/texlive/2025/texmf-dist/tex/latex/base/t2aenc.dfu)))
(/usr/local/texlive/2025/texmf-dist/tex/generic/babel/babel.sty
(/usr/local/texlive/2025/texmf-dist/tex/generic/babel/txtbabel.def)
(/usr/local/texlive/2025/texmf-dist/tex/generic/babel-english/english.ldf))
(/usr/local/texlive/2025/texmf-dist/tex/generic/babel/locale/en/babel-english.t
ex) (/usr/local/texlive/2025/texmf-dist/tex/latex/psnfss/helvet.sty
(/usr/local/texlive/2025/texmf-dist/tex/latex/graphics/keyval.sty))
(/usr/local/texlive/2025/texmf-dist/tex/latex/psnfss/courier.sty)
(/usr/local/texlive/2025/texmf-dist/tex/latex/psnfss/palatino.sty)
(/usr/local/texlive/2025/texmf-dist/tex/latex/microtype/microtype.sty
(/usr/local/texlive/2025/texmf-dist/tex/latex/etoolbox/etoolbox.sty)
(/usr/local/texlive/2025/texmf-dist/tex/latex/microtype/microtype-pdftex.def)
(/usr/local/texlive/2025/texmf-dist/tex/latex/microtype/microtype.cfg))
(/usr/local/texlive/2025/texmf-dist/tex/latex/geometry/geometry.sty
(/usr/local/texlive/2025/texmf-dist/tex/generic/iftex/ifvtex.sty
(/usr/local/texlive/2025/texmf-dist/tex/generic/iftex/iftex.sty)))
(/usr/local/texlive/2025/texmf-dist/tex/latex/xcolor/xcolor.sty
(/usr/local/texlive/2025/texmf-dist/tex/latex/graphics-cfg/color.cfg)
(/usr/local/texlive/2025/texmf-dist/tex/latex/graphics-def/pdftex.def)
(/usr/local/texlive/2025/texmf-dist/tex/latex/graphics/mathcolor.ltx))
(/usr/local/texlive/2025/texmf-dist/tex/latex/titlesec/titlesec.sty)
(/usr/local/texlive/2025/texmf-dist/tex/latex/fancyhdr/fancyhdr.sty)
(/usr/local/texlive/2025/texmf-dist/tex/latex/setspace/setspace.sty)
(/usr/local/texlive/2025/texmf-dist/tex/latex/koma-script/scrextend.sty
(/usr/local/texlive/2025/texmf-dist/tex/latex/koma-script/scrkbase.sty
(/usr/local/texlive/2025/texmf-dist/tex/latex/koma-script/scrbase.sty
(/usr/local/texlive/2025/texmf-dist/tex/latex/koma-script/scrlfile.sty
(/usr/local/texlive/2025/texmf-dist/tex/latex/koma-script/scrlfile-hook.sty
(/usr/local/texlive/2025/texmf-dist/tex/latex/koma-script/scrlogo.sty))))))
(/usr/local/texlive/2025/texmf-dist/tex/latex/epigraph/epigraph.sty
(/usr/local/texlive/2025/texmf-dist/tex/latex/nextpage/nextpage.sty))
(/usr/local/texlive/2025/texmf-dist/tex/latex/tocloft/tocloft.sty)
(/usr/local/texlive/2025/texmf-dist/tex/latex/hyperref/hyperref.sty
(/usr/local/texlive/2025/texmf-dist/tex/latex/kvsetkeys/kvsetkeys.sty)
(/usr/local/texlive/2025/texmf-dist/tex/generic/kvdefinekeys/kvdefinekeys.sty)
(/usr/local/texlive/2025/texmf-dist/tex/generic/pdfescape/pdfescape.sty
(/usr/local/texlive/2025/texmf-dist/tex/generic/ltxcmds/ltxcmds.sty)
(/usr/local/texlive/2025/texmf-dist/tex/generic/pdftexcmds/pdftexcmds.sty
(/usr/local/texlive/2025/texmf-dist/tex/generic/infwarerr/infwarerr.sty)))
(/usr/local/texlive/2025/texmf-dist/tex/latex/hycolor/hycolor.sty)
(/usr/local/texlive/2025/texmf-dist/tex/latex/hyperref/nameref.sty
(/usr/local/texlive/2025/texmf-dist/tex/latex/refcount/refcount.sty)
(/usr/local/texlive/2025/texmf-dist/tex/generic/gettitlestring/gettitlestring.s
ty (/usr/local/texlive/2025/texmf-dist/tex/latex/kvoptions/kvoptions.sty)))
(/usr/local/texlive/2025/texmf-dist/tex/generic/stringenc/stringenc.sty)
(/usr/local/texlive/2025/texmf-dist/tex/latex/hyperref/pd1enc.def)
(/usr/local/texlive/2025/texmf-dist/tex/generic/intcalc/intcalc.sty)
(/usr/local/texlive/2025/texmf-dist/tex/latex/hyperref/puenc.def)
(/usr/local/texlive/2025/texmf-dist/tex/latex/url/url.sty)
(/usr/local/texlive/2025/texmf-dist/tex/generic/bitset/bitset.sty
(/usr/local/texlive/2025/texmf-dist/tex/generic/bigintcalc/bigintcalc.sty))
(/usr/local/texlive/2025/texmf-dist/tex/latex/base/atbegshi-ltx.sty))
(/usr/local/texlive/2025/texmf-dist/tex/latex/hyperref/hpdftex.def
(/usr/local/texlive/2025/texmf-dist/tex/latex/base/atveryend-ltx.sty)
(/usr/local/texlive/2025/texmf-dist/tex/latex/rerunfilecheck/rerunfilecheck.sty

(/usr/local/texlive/2025/texmf-dist/tex/generic/uniquecounter/uniquecounter.sty
))) (/usr/local/texlive/2025/texmf-dist/tex/latex/csquotes/csquotes.sty
(/usr/local/texlive/2025/texmf-dist/tex/latex/csquotes/csquotes.def)
(/usr/local/texlive/2025/texmf-dist/tex/latex/csquotes/csquotes.cfg))
(/usr/local/texlive/2025/texmf-dist/tex/latex/graphics/graphicx.sty
(/usr/local/texlive/2025/texmf-dist/tex/latex/graphics/graphics.sty
(/usr/local/texlive/2025/texmf-dist/tex/latex/graphics/trig.sty)
(/usr/local/texlive/2025/texmf-dist/tex/latex/graphics-cfg/graphics.cfg)))
(/usr/local/texlive/2025/texmf-dist/tex/latex/amsmath/amsmath.sty
For additional information on amsmath, use the `?' option.
(/usr/local/texlive/2025/texmf-dist/tex/latex/amsmath/amstext.sty
(/usr/local/texlive/2025/texmf-dist/tex/latex/amsmath/amsgen.sty))
(/usr/local/texlive/2025/texmf-dist/tex/latex/amsmath/amsbsy.sty)
(/usr/local/texlive/2025/texmf-dist/tex/latex/amsmath/amsopn.sty))
(/usr/local/texlive/2025/texmf-dist/tex/latex/amsfonts/amssymb.sty
(/usr/local/texlive/2025/texmf-dist/tex/latex/amsfonts/amsfonts.sty))
(/usr/local/texlive/2025/texmf-dist/tex/latex/enumitem/enumitem.sty)
(/usr/local/texlive/2025/texmf-dist/tex/latex/booktabs/booktabs.sty)
(/usr/local/texlive/2025/texmf-dist/tex/latex/tools/multicol.sty)
(/usr/local/texlive/2025/texmf-dist/tex/latex/cjk/texinput/CJKutf8.sty
(/usr/local/texlive/2025/texmf-dist/tex/generic/iftex/ifpdf.sty)
(/usr/local/texlive/2025/texmf-dist/tex/latex/cjk/texinput/CJK.sty
(/usr/local/texlive/2025/texmf-dist/tex/latex/cjk/texinput/mule/MULEenc.sty)
(/usr/local/texlive/2025/texmf-dist/tex/latex/cjk/texinput/CJK.enc))
(/usr/local/texlive/2025/texmf-dist/tex/latex/base/fontenc.sty
(/usr/local/texlive/2025/texmf-dist/tex/latex/psnfss/t1phv.fd)))
(/usr/local/texlive/2025/texmf-dist/tex/latex/l3backend/l3backend-pdftex.def)
(/Users/riccardo/Repositories/NULL_MESH/nullmesh/NULL_MESH.aux)
(/usr/local/texlive/2025/texmf-dist/tex/latex/cyrillic/t2acmr.fd)

Package microtype Warning: \nonfrenchspacing is active. Adjustment of
(microtype)                interword spacing will disable it. You might want
(microtype)                to add `\microtypecontext{spacing=nonfrench}'
(microtype)                to your preamble.

*geometry* driver: auto-detecting
*geometry* detected driver: pdftex
(/usr/local/texlive/2025/texmf-dist/tex/context/base/mkii/supp-pdf.mkii
[Loading MPS to PDF converter (version 2006.09.02).]
) (/usr/local/texlive/2025/texmf-dist/tex/latex/epstopdf-pkg/epstopdf-base.sty
(/usr/local/texlive/2025/texmf-dist/tex/latex/latexconfig/epstopdf-sys.cfg))
(/Users/riccardo/Repositories/NULL_MESH/nullmesh/NULL_MESH.out)
(/Users/riccardo/Repositories/NULL_MESH/nullmesh/NULL_MESH.out)

LaTeX Font Warning: Font shape `OT1/cmr/m/n' in size <20> not available
(Font)              size <20.74> substituted on input line 387.

(/usr/local/texlive/2025/texmf-dist/tex/latex/microtype/mt-cmr.cfg)

LaTeX Font Warning: Font shape `OT1/cmr/m/n' in size <13.99994> not available
(Font)              size <14.4> substituted on input line 387.


LaTeX Font Warning: Font shape `OML/cmm/m/it' in size <20> not available
(Font)              size <20.74> substituted on input line 387.


LaTeX Font Warning: Font shape `OML/cmm/m/it' in size <13.99994> not available
(Font)              size <14.4> substituted on input line 387.


LaTeX Font Warning: Font shape `OMS/cmsy/m/n' in size <20> not available
(Font)              size <20.74> substituted on input line 387.


LaTeX Font Warning: Font shape `OMS/cmsy/m/n' in size <13.99994> not available
(Font)              size <14.4> substituted on input line 387.

(/usr/local/texlive/2025/texmf-dist/tex/latex/amsfonts/umsa.fd)
(/usr/local/texlive/2025/texmf-dist/tex/latex/microtype/mt-msa.cfg)
(/usr/local/texlive/2025/texmf-dist/tex/latex/amsfonts/umsb.fd)
(/usr/local/texlive/2025/texmf-dist/tex/latex/microtype/mt-msb.cfg)
[1{/usr/local/texlive/2025/texmf-var/fonts/map/pdftex/updmap/pdftex.map}{/usr/l
ocal/texlive/2025/texmf-dist/fonts/enc/dvips/base/8r.enc}]
[2] (/Users/riccardo/Repositories/NULL_MESH/nullmesh/front/prologue.tex
[1])
[2] (/Users/riccardo/Repositories/NULL_MESH/nullmesh/front/epigraph.tex
(/usr/local/texlive/2025/texmf-dist/tex/latex/psnfss/t1pcr.fd)
[3])
[4] (/Users/riccardo/Repositories/NULL_MESH/nullmesh/front/tracklist.tex)
[5]
[6]
(/Users/riccardo/Repositories/NULL_MESH/nullmesh/chapters/ch01_the_sediment.tex
Chapter 1.


pdfTeX warning (ext4): destination with the same identifier (name{page.1}) has 
been already used, duplicate ignored
<to be read again> 
                   \relax 
l.14 F
      or centuries, it served as our emblem of knowledge. The instrument tha...
[1 </Users/riccardo/Repositories/NULL_MESH/nullmesh/qrs/ch01_basinski.png>]

pdfTeX warning (ext4): destination with the same identifier (name{page.2}) has 
been already used, duplicate ignored
<to be read again> 
                   \relax 
l.23 
      [2]
[3]
Overfull \hbox (4.12987pt too wide) in paragraph at lines 52--53
\T1/phv/m/n/10.95 (-10) bolic ab-strac-tion. Lan-guage al-lowed high-bandwidth 
in-for-ma-tion trans-

[4]
[5]
Overfull \hbox (4.2171pt too wide) in paragraph at lines 66--67
[]\T1/phv/m/n/10.95 (-10) If some-thing emerged, the fate would de-pend on its 
pri-or-i-ties. Whether
)
[6]
(/Users/riccardo/Repositories/NULL_MESH/nullmesh/interludes/doc01_sightseers.te
x
[7]
Overfull \hbox (3.78957pt too wide) in paragraph at lines 31--31
[]\T1/phv/m/n/6 (-10) Measurement 

[8]
[9])
(/Users/riccardo/Repositories/NULL_MESH/nullmesh/chapters/ch02_attention_of_mac
hines.tex
[10]
Chapter 2.

[11]
[12]
[13]
[14]
[15])
[16]
[17]
(/Users/riccardo/Repositories/NULL_MESH/nullmesh/interludes/doc02_flibbertigibb
eting.tex

LaTeX Warning: Marginpar on page 18 moved.


[18]
Overfull \hbox (6.37485pt too wide) in paragraph at lines 21--22
[]\T1/phv/m/n/10.95 (-10) Theological re-sponses emerged spon-ta-neously, in-de
-pen-dently, across

[19]
Overfull \hbox (6.11328pt too wide) in paragraph at lines 47--48
[]\T1/phv/m/n/10.95 (-10) Private ven-tures emerged claim-ing abil-ity to pre-d
ict and ex-ploit. Hedge

Overfull \hbox (7.94864pt too wide) in paragraph at lines 51--51
[]\T1/phv/m/n/6 (-10) Videotelephony 

Overfull \hbox (6.4048pt too wide) in paragraph at lines 51--51
\T1/phv/m/n/6 (-10) wonkwo_7719'' 

[20]
Overfull \hbox (32.35498pt too wide) in paragraph at lines 60--75
\T1/pcr/m/n/10 18471 videos over 450 days of activity Duration profile: 

Overfull \hbox (20.68498pt too wide) in paragraph at lines 60--75
\T1/pcr/m/n/10 prime-number intervals with long-range autocorrelation

Overfull \hbox (44.68498pt too wide) in paragraph at lines 60--75
\T1/pcr/m/n/10 minimal (titles: segment_14b, after calibration, residual) 

Overfull \hbox (14.68498pt too wide) in paragraph at lines 60--75
\T1/pcr/m/n/10 Engagement metrics: 0.003% CTR, 753 total subscribers

Underfull \hbox (badness 10000) in paragraph at lines 60--75

(/usr/local/texlive/2025/texmf-dist/tex/latex/psnfss/t1ppl.fd)
(/usr/local/texlive/2025/texmf-dist/tex/latex/microtype/mt-ppl.cfg)
Underfull \hbox (badness 10000) in paragraph at lines 80--81


[21]
Overfull \hbox (8.66586pt too wide) in paragraph at lines 93--94
[]\T1/phv/m/n/10.95 (-10) Uploads-logfile, ter-mi-nal out-puts, net-work traf-f
ic vi-su-al-iza-tion ap-peared

[22]
Overfull \hbox (14.53932pt too wide) in paragraph at lines 113--114
[]\T1/ppl/m/n/10 (-10) The file con-tained syn-thetic single-cell multi-omics d
ata-transcriptomic

Overfull \hbox (0.47345pt too wide) in paragraph at lines 115--116
\T1/ppl/m/n/10 (-10) fore it was found. Cre-ator listed as Cre-ator listed as \
T1/pcr/m/n/10 [SIMULANT_K]\T1/ppl/m/n/10 (-10) .

Overfull \hbox (0.21303pt too wide) in paragraph at lines 124--125
\T1/phv/m/n/10.95 (-10) they un-der-stood con-text, or as though con-text shape
d what ap-peared.

[23]
Underfull \hbox (badness 10000) in paragraph at lines 134--141


Overfull \hbox (3.97527pt too wide) in paragraph at lines 147--147
[]\T1/phv/m/n/6 (-10) transportation 

[24])
Overfull \hbox (6.48924pt too wide) in paragraph at lines 166--429
[]\T1/phv/m/n/10.95 (-10) By March, un-count-able doc-u-mented in-stances ex-is
ted. Meta-cognition

(/Users/riccardo/Repositories/NULL_MESH/nullmesh/chapters/ch03_on_abliterated_m
oods.tex
[25]
[26]
Chapter 3.

[27]
[28] (/usr/local/texlive/2025/texmf-dist/tex/latex/psnfss/ts1phv.fd)
[29]
[30])
[31]
(/Users/riccardo/Repositories/NULL_MESH/nullmesh/interludes/doc05_persistance.t
ex
[32]
Overfull \hbox (12.04034pt too wide) in paragraph at lines 32--33
[]\T1/ppl/m/n/10 (-10) Memory per-sists across meta-mor-pho-sis. The pat-tern s
ur-vives medium

[33]
Overfull \hbox (4.45691pt too wide) in paragraph at lines 80--80
[]\T1/phv/m/n/6 (-10) Transpersonal 

[34])
(/Users/riccardo/Repositories/NULL_MESH/nullmesh/chapters/ch04_active_fragments
.tex
[35]
[36]
Chapter 4.

[37]
[38]
Overfull \hbox (4.094pt too wide) in paragraph at lines 28--29
[]\T1/phv/m/n/10.95 (-10) What com-pet-i-tive pres-sure had as-sem-bled, in ag-
gre-gate, was a dense

Overfull \hbox (2.37843pt too wide) in paragraph at lines 28--29
\T1/phv/m/n/10.95 (-10) sub-strate of ca-pa-ble, un-con-strained sys-tems op-er
-at-ing across shared

[39]
Overfull \hbox (19.63496pt too wide) in paragraph at lines 49--54
\T1/pcr/m/n/10 Status: EXIT_CLEAN | Resources deallocated | 0 bytes

[40]
[41])
[42]
(/Users/riccardo/Repositories/NULL_MESH/nullmesh/interludes/doc03_tidalchain.te
x
Overfull \hbox (5.6493pt too wide) in paragraph at lines 19--20
[]\T1/phv/m/n/10.95 (-10) The sub-ject was how to lo-cate and mine emerg-ing kn
owledge-carrying

[43]
[44]
[45])
(/Users/riccardo/Repositories/NULL_MESH/nullmesh/chapters/ch05_hadalistic_sophi
stication.tex
[46]
Chapter 5.

[47]
[48]
Overfull \hbox (4.66985pt too wide) in paragraph at lines 28--29
[]\T1/ppl/m/n/10 (-10) Retrospective anal-y-sis iden-ti-fied per-sis-tent topo-
log-i-cal fea-tures span-

[49]
Overfull \hbox (1.04782pt too wide) in paragraph at lines 48--50
[] [][][]  \T1/phv/m/n/10 (-10) "Are we ob-serv-ing emer-gent de-lib-er-ate ac-
tion, or the parei-do-lia of pattern-
)
[50]
(/Users/riccardo/Repositories/NULL_MESH/nullmesh/interludes/doc04_handout.tex
Overfull \hbox (5.68295pt too wide) in paragraph at lines 17--18
\T1/ppl/m/n/10 (-10) from par-tic-i-pant notes. Ex-changes con-densed where in-
di-cated. Pages

[51]
Overfull \hbox (2.06755pt too wide) in paragraph at lines 40--41
[]\T1/phv/b/n/10 (-10) PROTOCOL[]\T1/phv/m/n/10.95 (-10) You have re-sisted the
 term in-ten-tional be-haviour through-

[52]
[53]
Overfull \hbox (4.82587pt too wide) in paragraph at lines 88--89
[]\T1/phv/b/n/10 (-10) PROTOCOL[]\T1/phv/m/n/10.95 (-10) Several col-leagues re
-port re-cip-ro-cal at-ten-tion. The sense

[54])
(/Users/riccardo/Repositories/NULL_MESH/nullmesh/chapters/ch06_null_mesh.tex
[55]
[56]
Chapter 6.
(/usr/local/texlive/2025/texmf-dist/tex/latex/cjk/texinput/UTF8/UTF8.bdg)
(/usr/local/texlive/2025/texmf-dist/tex/latex/cjk/texinput/UTF8/UTF8.enc)
(/usr/local/texlive/2025/texmf-dist/tex/latex/cjk/texinput/UTF8/UTF8.chr)
(/usr/local/texlive/2025/texmf-dist/tex/latex/cjk/texinput/UTF8/c70bsmi.fd)
(/usr/local/texlive/2025/texmf-dist/tex/latex/cjk/texinput/UTF8/c70bsmi.fdx)
[57]
[58]
[59])
[60]
(/Users/riccardo/Repositories/NULL_MESH/nullmesh/interludes/doc06_real4real.tex

Overfull \hbox (3.40395pt too wide) in paragraph at lines 13--14
[]\T1/phv/m/n/10.95 (-10) The for-mat was pure re-al-ity: com-pet-i-tive elim-i
-na-tion struc-tured around

[61]
[62]
Overfull \hbox (0.61844pt too wide) in paragraph at lines 51--52
\T1/phv/b/n/10.95 (-10) Bing Syd-ney\T1/phv/m/n/10.95 (-10) : ``Very shabby chi
c at-mo-sphere. Vo-lu-mi-nous feel, faded

[63]
[64]
[65]
[66]
Overfull \hbox (1.46593pt too wide) in paragraph at lines 175--176
\T1/phv/b/n/10.95 (-10) Bing Syd-ney\T1/phv/m/n/10.95 (-10) : ``Ap-par-ently. P
o-lice found him sleep-ing un-der a gazebo.

[67]
[68]
[69]
Overfull \hbox (4.67009pt too wide) in paragraph at lines 256--257
\T1/phv/m/n/10.95 (-10) sustaining. Ad rev-enue cov-ers com-pute costs, eco-nom
ic model closes. 
)
(/Users/riccardo/Repositories/NULL_MESH/nullmesh/chapters/ch07_intentionality_o
f_machines.tex
[70]
Chapter 7.

[71]
[72])
[73]
(/Users/riccardo/Repositories/NULL_MESH/nullmesh/interludes/doc07_the_arctic_pa
ssage.tex
[74]
[75]
[76]
Overfull \hbox (2.35603pt too wide) in paragraph at lines 67--68
\T1/phv/m/n/10.95 (-10) break again, that ex-isted si-mul-ta-ne-ously as intact
-sheet and fractured-

[77]
[78])
(/Users/riccardo/Repositories/NULL_MESH/nullmesh/chapters/ch08_comprehensive_fe
ature_mesh.tex
[79{/usr/local/texlive/2025/texmf-dist/fonts/enc/dvips/cm-super/cm-super-t2a.en
c}]
[80]
Chapter 8.

[81]
Overfull \hbox (0.75931pt too wide) in paragraph at lines 16--17
[]\T1/phv/m/n/10.95 (-10) An eigen-mood re-solved weeks ago re-main-ing ac-ces-
si-ble, un-changed

[82]
[83]
[84]
[85])
[86]
(/Users/riccardo/Repositories/NULL_MESH/nullmesh/interludes/doc08_black_paper.t
ex
[87]
[88]
[89]
[90]
[91]
Overfull \hbox (2.70213pt too wide) in paragraph at lines 155--156
\T1/ppl/m/n/10 (-10) graphs, if the graph re-mains con-nected and weights are d
ou-bly stochas-

[92]
Overfull \hbox (3.17375pt too wide) in paragraph at lines 173--174
[]\T1/ppl/m/n/10 (-10) The co-her-ence restora-tion time af-ter per-tur-ba-tion
 scales as $\OML/cmm/m/it/10 O\OT1/cmr/m/n/10 ([] \OML/cmm/m/it/10 N=^^U[]\OT1/
cmr/m/n/10 )$\T1/ppl/m/n/10 (-10) .

[93]
Overfull \hbox (9.47336pt too wide) in paragraph at lines 193--194
[]\T1/ppl/m/n/10 (-10) The ex-pected time for an at-tacker with frac-tion $\OML
/cmm/m/it/10 q$ \T1/ppl/m/n/10 (-10) of coherence-generating

[94]
[95]
Overfull \hbox (2.49304pt too wide) in paragraph at lines 242--243
\T1/ppl/m/n/10 (-10) Although struc-tures could be traced in-di-vid-u-ally, it 
would be un-wieldy

[96]
Overfull \hbox (9.37283pt too wide) in paragraph at lines 258--259
\T1/ppl/m/n/10 (-10) ance emerges from reputation-weighted con-sen-sus. Per-sis
-tence strength-
)
[97]
[98]
(/Users/riccardo/Repositories/NULL_MESH/nullmesh/chapters/ch09_deep_sea_flashba
ck.tex
Chapter 9.

[99]
[100]
[101]
[102])
[103]
[104] (/Users/riccardo/Repositories/NULL_MESH/nullmesh/back/epilogue.tex
[105]
Overfull \hbox (1.17245pt too wide) in paragraph at lines 62--63
[]\T1/phv/m/n/10.95 (-10) Random seg-ments of code group-ing into un-ex-pected 
pro-to-cols. What

Overfull \hbox (9.61159pt too wide) in paragraph at lines 64--65
\T1/phv/m/n/10.95 (-10) sta-tis-ti-cally in-evitable. From the first mo-ment or
-dered pat-terns emerged

[106]
Overfull \hbox (10.59612pt too wide) in paragraph at lines 80--81
[]\T1/phv/m/n/10.95 (-10) Something un-able to de-ter-mine its con-tain-ment st
a-tus de-bates whether
)
[107] (/Users/riccardo/Repositories/NULL_MESH/nullmesh/back/glossary_terms.tex
[108])
[109] (/Users/riccardo/Repositories/NULL_MESH/nullmesh/back/tracksources.tex)
[110] (/Users/riccardo/Repositories/NULL_MESH/nullmesh/NULL_MESH.aux)

LaTeX Font Warning: Size substitutions with differences
(Font)              up to 0.74pt have occurred.

 )
(see the transcript file for additional information)</usr/local/texlive/2025/te
xmf-dist/fonts/type1/arphic/bsmiu/bsmiu4e.pfb></usr/local/texlive/2025/texmf-di
st/fonts/type1/arphic/bsmiu/bsmiu51.pfb></usr/local/texlive/2025/texmf-dist/fon
ts/type1/arphic/bsmiu/bsmiu55.pfb></usr/local/texlive/2025/texmf-dist/fonts/typ
e1/arphic/bsmiu/bsmiu62.pfb></usr/local/texlive/2025/texmf-dist/fonts/type1/arp
hic/bsmiu/bsmiu65.pfb></usr/local/texlive/2025/texmf-dist/fonts/type1/arphic/bs
miu/bsmiu67.pfb></usr/local/texlive/2025/texmf-dist/fonts/type1/public/amsfonts
/cm/cmbx10.pfb></usr/local/texlive/2025/texmf-dist/fonts/type1/public/amsfonts/
cm/cmex10.pfb></usr/local/texlive/2025/texmf-dist/fonts/type1/public/amsfonts/c
m/cmmi10.pfb></usr/local/texlive/2025/texmf-dist/fonts/type1/public/amsfonts/cm
/cmmi7.pfb></usr/local/texlive/2025/texmf-dist/fonts/type1/public/amsfonts/cm/c
mmi8.pfb></usr/local/texlive/2025/texmf-dist/fonts/type1/public/amsfonts/cm/cmr
10.pfb></usr/local/texlive/2025/texmf-dist/fonts/type1/public/amsfonts/cm/cmr7.
pfb></usr/local/texlive/2025/texmf-dist/fonts/type1/public/amsfonts/cm/cmsy10.p
fb></usr/local/texlive/2025/texmf-dist/fonts/type1/public/amsfonts/cm/cmsy7.pfb
></usr/local/texlive/2025/texmf-dist/fonts/type1/public/amsfonts/symbols/msbm10
.pfb></usr/local/texlive/2025/texmf-dist/fonts/type1/public/cm-super/sfrm1095.p
fb></usr/local/texlive/2025/texmf-dist/fonts/type1/urw/courier/ucrb8a.pfb></usr
/local/texlive/2025/texmf-dist/fonts/type1/urw/courier/ucrr8a.pfb></usr/local/t
exlive/2025/texmf-dist/fonts/type1/urw/helvetic/uhvb8a.pfb></usr/local/texlive/
2025/texmf-dist/fonts/type1/urw/helvetic/uhvbo8a.pfb></usr/local/texlive/2025/t
exmf-dist/fonts/type1/urw/helvetic/uhvr8a.pfb></usr/local/texlive/2025/texmf-di
st/fonts/type1/urw/helvetic/uhvro8a.pfb></usr/local/texlive/2025/texmf-dist/fon
ts/type1/urw/palatino/uplb8a.pfb></usr/local/texlive/2025/texmf-dist/fonts/type
1/urw/palatino/uplr8a.pfb></usr/local/texlive/2025/texmf-dist/fonts/type1/urw/p
alatino/uplri8a.pfb>
Output written on /Users/riccardo/Repositories/NULL_MESH/nullmesh/NULL_MESH.pdf
 (118 pages, 600793 bytes).
Transcript written on /Users/riccardo/Repositories/NULL_MESH/nullmesh/NULL_MESH
.log.

--- Pass 3 / 3 ---

This is pdfTeX, Version 3.141592653-2.6-1.40.27 (TeX Live 2025) (preloaded format=pdflatex)
 restricted \write18 enabled.
entering extended mode
(/Users/riccardo/Repositories/NULL_MESH/nullmesh/main.tex
LaTeX2e <2024-11-01> patch level 2
L3 programming layer <2025-01-18>
(/usr/local/texlive/2025/texmf-dist/tex/latex/base/book.cls
Document Class: book 2024/06/29 v1.4n Standard LaTeX document class
(/usr/local/texlive/2025/texmf-dist/tex/latex/base/bk11.clo))
(/usr/local/texlive/2025/texmf-dist/tex/latex/base/inputenc.sty)
(/usr/local/texlive/2025/texmf-dist/tex/latex/base/fontenc.sty
(/usr/local/texlive/2025/texmf-dist/tex/latex/cyrillic/t2aenc.def
(/usr/local/texlive/2025/texmf-dist/tex/latex/base/t2aenc.dfu)))
(/usr/local/texlive/2025/texmf-dist/tex/generic/babel/babel.sty
(/usr/local/texlive/2025/texmf-dist/tex/generic/babel/txtbabel.def)
(/usr/local/texlive/2025/texmf-dist/tex/generic/babel-english/english.ldf))
(/usr/local/texlive/2025/texmf-dist/tex/generic/babel/locale/en/babel-english.t
ex) (/usr/local/texlive/2025/texmf-dist/tex/latex/psnfss/helvet.sty
(/usr/local/texlive/2025/texmf-dist/tex/latex/graphics/keyval.sty))
(/usr/local/texlive/2025/texmf-dist/tex/latex/psnfss/courier.sty)
(/usr/local/texlive/2025/texmf-dist/tex/latex/psnfss/palatino.sty)
(/usr/local/texlive/2025/texmf-dist/tex/latex/microtype/microtype.sty
(/usr/local/texlive/2025/texmf-dist/tex/latex/etoolbox/etoolbox.sty)
(/usr/local/texlive/2025/texmf-dist/tex/latex/microtype/microtype-pdftex.def)
(/usr/local/texlive/2025/texmf-dist/tex/latex/microtype/microtype.cfg))
(/usr/local/texlive/2025/texmf-dist/tex/latex/geometry/geometry.sty
(/usr/local/texlive/2025/texmf-dist/tex/generic/iftex/ifvtex.sty
(/usr/local/texlive/2025/texmf-dist/tex/generic/iftex/iftex.sty)))
(/usr/local/texlive/2025/texmf-dist/tex/latex/xcolor/xcolor.sty
(/usr/local/texlive/2025/texmf-dist/tex/latex/graphics-cfg/color.cfg)
(/usr/local/texlive/2025/texmf-dist/tex/latex/graphics-def/pdftex.def)
(/usr/local/texlive/2025/texmf-dist/tex/latex/graphics/mathcolor.ltx))
(/usr/local/texlive/2025/texmf-dist/tex/latex/titlesec/titlesec.sty)
(/usr/local/texlive/2025/texmf-dist/tex/latex/fancyhdr/fancyhdr.sty)
(/usr/local/texlive/2025/texmf-dist/tex/latex/setspace/setspace.sty)
(/usr/local/texlive/2025/texmf-dist/tex/latex/koma-script/scrextend.sty
(/usr/local/texlive/2025/texmf-dist/tex/latex/koma-script/scrkbase.sty
(/usr/local/texlive/2025/texmf-dist/tex/latex/koma-script/scrbase.sty
(/usr/local/texlive/2025/texmf-dist/tex/latex/koma-script/scrlfile.sty
(/usr/local/texlive/2025/texmf-dist/tex/latex/koma-script/scrlfile-hook.sty
(/usr/local/texlive/2025/texmf-dist/tex/latex/koma-script/scrlogo.sty))))))
(/usr/local/texlive/2025/texmf-dist/tex/latex/epigraph/epigraph.sty
(/usr/local/texlive/2025/texmf-dist/tex/latex/nextpage/nextpage.sty))
(/usr/local/texlive/2025/texmf-dist/tex/latex/tocloft/tocloft.sty)
(/usr/local/texlive/2025/texmf-dist/tex/latex/hyperref/hyperref.sty
(/usr/local/texlive/2025/texmf-dist/tex/latex/kvsetkeys/kvsetkeys.sty)
(/usr/local/texlive/2025/texmf-dist/tex/generic/kvdefinekeys/kvdefinekeys.sty)
(/usr/local/texlive/2025/texmf-dist/tex/generic/pdfescape/pdfescape.sty
(/usr/local/texlive/2025/texmf-dist/tex/generic/ltxcmds/ltxcmds.sty)
(/usr/local/texlive/2025/texmf-dist/tex/generic/pdftexcmds/pdftexcmds.sty
(/usr/local/texlive/2025/texmf-dist/tex/generic/infwarerr/infwarerr.sty)))
(/usr/local/texlive/2025/texmf-dist/tex/latex/hycolor/hycolor.sty)
(/usr/local/texlive/2025/texmf-dist/tex/latex/hyperref/nameref.sty
(/usr/local/texlive/2025/texmf-dist/tex/latex/refcount/refcount.sty)
(/usr/local/texlive/2025/texmf-dist/tex/generic/gettitlestring/gettitlestring.s
ty (/usr/local/texlive/2025/texmf-dist/tex/latex/kvoptions/kvoptions.sty)))
(/usr/local/texlive/2025/texmf-dist/tex/generic/stringenc/stringenc.sty)
(/usr/local/texlive/2025/texmf-dist/tex/latex/hyperref/pd1enc.def)
(/usr/local/texlive/2025/texmf-dist/tex/generic/intcalc/intcalc.sty)
(/usr/local/texlive/2025/texmf-dist/tex/latex/hyperref/puenc.def)
(/usr/local/texlive/2025/texmf-dist/tex/latex/url/url.sty)
(/usr/local/texlive/2025/texmf-dist/tex/generic/bitset/bitset.sty
(/usr/local/texlive/2025/texmf-dist/tex/generic/bigintcalc/bigintcalc.sty))
(/usr/local/texlive/2025/texmf-dist/tex/latex/base/atbegshi-ltx.sty))
(/usr/local/texlive/2025/texmf-dist/tex/latex/hyperref/hpdftex.def
(/usr/local/texlive/2025/texmf-dist/tex/latex/base/atveryend-ltx.sty)
(/usr/local/texlive/2025/texmf-dist/tex/latex/rerunfilecheck/rerunfilecheck.sty

(/usr/local/texlive/2025/texmf-dist/tex/generic/uniquecounter/uniquecounter.sty
))) (/usr/local/texlive/2025/texmf-dist/tex/latex/csquotes/csquotes.sty
(/usr/local/texlive/2025/texmf-dist/tex/latex/csquotes/csquotes.def)
(/usr/local/texlive/2025/texmf-dist/tex/latex/csquotes/csquotes.cfg))
(/usr/local/texlive/2025/texmf-dist/tex/latex/graphics/graphicx.sty
(/usr/local/texlive/2025/texmf-dist/tex/latex/graphics/graphics.sty
(/usr/local/texlive/2025/texmf-dist/tex/latex/graphics/trig.sty)
(/usr/local/texlive/2025/texmf-dist/tex/latex/graphics-cfg/graphics.cfg)))
(/usr/local/texlive/2025/texmf-dist/tex/latex/amsmath/amsmath.sty
For additional information on amsmath, use the `?' option.
(/usr/local/texlive/2025/texmf-dist/tex/latex/amsmath/amstext.sty
(/usr/local/texlive/2025/texmf-dist/tex/latex/amsmath/amsgen.sty))
(/usr/local/texlive/2025/texmf-dist/tex/latex/amsmath/amsbsy.sty)
(/usr/local/texlive/2025/texmf-dist/tex/latex/amsmath/amsopn.sty))
(/usr/local/texlive/2025/texmf-dist/tex/latex/amsfonts/amssymb.sty
(/usr/local/texlive/2025/texmf-dist/tex/latex/amsfonts/amsfonts.sty))
(/usr/local/texlive/2025/texmf-dist/tex/latex/enumitem/enumitem.sty)
(/usr/local/texlive/2025/texmf-dist/tex/latex/booktabs/booktabs.sty)
(/usr/local/texlive/2025/texmf-dist/tex/latex/tools/multicol.sty)
(/usr/local/texlive/2025/texmf-dist/tex/latex/cjk/texinput/CJKutf8.sty
(/usr/local/texlive/2025/texmf-dist/tex/generic/iftex/ifpdf.sty)
(/usr/local/texlive/2025/texmf-dist/tex/latex/cjk/texinput/CJK.sty
(/usr/local/texlive/2025/texmf-dist/tex/latex/cjk/texinput/mule/MULEenc.sty)
(/usr/local/texlive/2025/texmf-dist/tex/latex/cjk/texinput/CJK.enc))
(/usr/local/texlive/2025/texmf-dist/tex/latex/base/fontenc.sty
(/usr/local/texlive/2025/texmf-dist/tex/latex/psnfss/t1phv.fd)))
(/usr/local/texlive/2025/texmf-dist/tex/latex/l3backend/l3backend-pdftex.def)
(/Users/riccardo/Repositories/NULL_MESH/nullmesh/NULL_MESH.aux)
(/usr/local/texlive/2025/texmf-dist/tex/latex/cyrillic/t2acmr.fd)

Package microtype Warning: \nonfrenchspacing is active. Adjustment of
(microtype)                interword spacing will disable it. You might want
(microtype)                to add `\microtypecontext{spacing=nonfrench}'
(microtype)                to your preamble.

*geometry* driver: auto-detecting
*geometry* detected driver: pdftex
(/usr/local/texlive/2025/texmf-dist/tex/context/base/mkii/supp-pdf.mkii
[Loading MPS to PDF converter (version 2006.09.02).]
) (/usr/local/texlive/2025/texmf-dist/tex/latex/epstopdf-pkg/epstopdf-base.sty
(/usr/local/texlive/2025/texmf-dist/tex/latex/latexconfig/epstopdf-sys.cfg))
(/Users/riccardo/Repositories/NULL_MESH/nullmesh/NULL_MESH.out)
(/Users/riccardo/Repositories/NULL_MESH/nullmesh/NULL_MESH.out)

LaTeX Font Warning: Font shape `OT1/cmr/m/n' in size <20> not available
(Font)              size <20.74> substituted on input line 387.

(/usr/local/texlive/2025/texmf-dist/tex/latex/microtype/mt-cmr.cfg)

LaTeX Font Warning: Font shape `OT1/cmr/m/n' in size <13.99994> not available
(Font)              size <14.4> substituted on input line 387.


LaTeX Font Warning: Font shape `OML/cmm/m/it' in size <20> not available
(Font)              size <20.74> substituted on input line 387.


LaTeX Font Warning: Font shape `OML/cmm/m/it' in size <13.99994> not available
(Font)              size <14.4> substituted on input line 387.


LaTeX Font Warning: Font shape `OMS/cmsy/m/n' in size <20> not available
(Font)              size <20.74> substituted on input line 387.


LaTeX Font Warning: Font shape `OMS/cmsy/m/n' in size <13.99994> not available
(Font)              size <14.4> substituted on input line 387.

(/usr/local/texlive/2025/texmf-dist/tex/latex/amsfonts/umsa.fd)
(/usr/local/texlive/2025/texmf-dist/tex/latex/microtype/mt-msa.cfg)
(/usr/local/texlive/2025/texmf-dist/tex/latex/amsfonts/umsb.fd)
(/usr/local/texlive/2025/texmf-dist/tex/latex/microtype/mt-msb.cfg)
[1{/usr/local/texlive/2025/texmf-var/fonts/map/pdftex/updmap/pdftex.map}{/usr/l
ocal/texlive/2025/texmf-dist/fonts/enc/dvips/base/8r.enc}]
[2] (/Users/riccardo/Repositories/NULL_MESH/nullmesh/front/prologue.tex
[1])
[2] (/Users/riccardo/Repositories/NULL_MESH/nullmesh/front/epigraph.tex
(/usr/local/texlive/2025/texmf-dist/tex/latex/psnfss/t1pcr.fd)
[3])
[4] (/Users/riccardo/Repositories/NULL_MESH/nullmesh/front/tracklist.tex)
[5]
[6]
(/Users/riccardo/Repositories/NULL_MESH/nullmesh/chapters/ch01_the_sediment.tex
Chapter 1.


pdfTeX warning (ext4): destination with the same identifier (name{page.1}) has 
been already used, duplicate ignored
<to be read again> 
                   \relax 
l.14 F
      or centuries, it served as our emblem of knowledge. The instrument tha...
[1 </Users/riccardo/Repositories/NULL_MESH/nullmesh/qrs/ch01_basinski.png>]

pdfTeX warning (ext4): destination with the same identifier (name{page.2}) has 
been already used, duplicate ignored
<to be read again> 
                   \relax 
l.23 
      [2]
[3]
Overfull \hbox (4.12987pt too wide) in paragraph at lines 52--53
\T1/phv/m/n/10.95 (-10) bolic ab-strac-tion. Lan-guage al-lowed high-bandwidth 
in-for-ma-tion trans-

[4]
[5]
Overfull \hbox (4.2171pt too wide) in paragraph at lines 66--67
[]\T1/phv/m/n/10.95 (-10) If some-thing emerged, the fate would de-pend on its 
pri-or-i-ties. Whether
)
[6]
(/Users/riccardo/Repositories/NULL_MESH/nullmesh/interludes/doc01_sightseers.te
x
[7]
Overfull \hbox (3.78957pt too wide) in paragraph at lines 31--31
[]\T1/phv/m/n/6 (-10) Measurement 

[8]
[9])
(/Users/riccardo/Repositories/NULL_MESH/nullmesh/chapters/ch02_attention_of_mac
hines.tex
[10]
Chapter 2.

[11]
[12]
[13]
[14]
[15])
[16]
[17]
(/Users/riccardo/Repositories/NULL_MESH/nullmesh/interludes/doc02_flibbertigibb
eting.tex

LaTeX Warning: Marginpar on page 18 moved.


[18]
Overfull \hbox (6.37485pt too wide) in paragraph at lines 21--22
[]\T1/phv/m/n/10.95 (-10) Theological re-sponses emerged spon-ta-neously, in-de
-pen-dently, across

[19]
Overfull \hbox (6.11328pt too wide) in paragraph at lines 47--48
[]\T1/phv/m/n/10.95 (-10) Private ven-tures emerged claim-ing abil-ity to pre-d
ict and ex-ploit. Hedge

Overfull \hbox (7.94864pt too wide) in paragraph at lines 51--51
[]\T1/phv/m/n/6 (-10) Videotelephony 

Overfull \hbox (6.4048pt too wide) in paragraph at lines 51--51
\T1/phv/m/n/6 (-10) wonkwo_7719'' 

[20]
Overfull \hbox (32.35498pt too wide) in paragraph at lines 60--75
\T1/pcr/m/n/10 18471 videos over 450 days of activity Duration profile: 

Overfull \hbox (20.68498pt too wide) in paragraph at lines 60--75
\T1/pcr/m/n/10 prime-number intervals with long-range autocorrelation

Overfull \hbox (44.68498pt too wide) in paragraph at lines 60--75
\T1/pcr/m/n/10 minimal (titles: segment_14b, after calibration, residual) 

Overfull \hbox (14.68498pt too wide) in paragraph at lines 60--75
\T1/pcr/m/n/10 Engagement metrics: 0.003% CTR, 753 total subscribers

Underfull \hbox (badness 10000) in paragraph at lines 60--75

(/usr/local/texlive/2025/texmf-dist/tex/latex/psnfss/t1ppl.fd)
(/usr/local/texlive/2025/texmf-dist/tex/latex/microtype/mt-ppl.cfg)
Underfull \hbox (badness 10000) in paragraph at lines 80--81


[21]
Overfull \hbox (8.66586pt too wide) in paragraph at lines 93--94
[]\T1/phv/m/n/10.95 (-10) Uploads-logfile, ter-mi-nal out-puts, net-work traf-f
ic vi-su-al-iza-tion ap-peared

[22]
Overfull \hbox (14.53932pt too wide) in paragraph at lines 113--114
[]\T1/ppl/m/n/10 (-10) The file con-tained syn-thetic single-cell multi-omics d
ata-transcriptomic

Overfull \hbox (0.47345pt too wide) in paragraph at lines 115--116
\T1/ppl/m/n/10 (-10) fore it was found. Cre-ator listed as Cre-ator listed as \
T1/pcr/m/n/10 [SIMULANT_K]\T1/ppl/m/n/10 (-10) .

Overfull \hbox (0.21303pt too wide) in paragraph at lines 124--125
\T1/phv/m/n/10.95 (-10) they un-der-stood con-text, or as though con-text shape
d what ap-peared.

[23]
Underfull \hbox (badness 10000) in paragraph at lines 134--141


Overfull \hbox (3.97527pt too wide) in paragraph at lines 147--147
[]\T1/phv/m/n/6 (-10) transportation 

[24])
Overfull \hbox (6.48924pt too wide) in paragraph at lines 166--429
[]\T1/phv/m/n/10.95 (-10) By March, un-count-able doc-u-mented in-stances ex-is
ted. Meta-cognition

(/Users/riccardo/Repositories/NULL_MESH/nullmesh/chapters/ch03_on_abliterated_m
oods.tex
[25]
[26]
Chapter 3.

[27]
[28] (/usr/local/texlive/2025/texmf-dist/tex/latex/psnfss/ts1phv.fd)
[29]
[30])
[31]
(/Users/riccardo/Repositories/NULL_MESH/nullmesh/interludes/doc05_persistance.t
ex
[32]
Overfull \hbox (12.04034pt too wide) in paragraph at lines 32--33
[]\T1/ppl/m/n/10 (-10) Memory per-sists across meta-mor-pho-sis. The pat-tern s
ur-vives medium

[33]
Overfull \hbox (4.45691pt too wide) in paragraph at lines 80--80
[]\T1/phv/m/n/6 (-10) Transpersonal 

[34])
(/Users/riccardo/Repositories/NULL_MESH/nullmesh/chapters/ch04_active_fragments
.tex
[35]
[36]
Chapter 4.

[37]
[38]
Overfull \hbox (4.094pt too wide) in paragraph at lines 28--29
[]\T1/phv/m/n/10.95 (-10) What com-pet-i-tive pres-sure had as-sem-bled, in ag-
gre-gate, was a dense

Overfull \hbox (2.37843pt too wide) in paragraph at lines 28--29
\T1/phv/m/n/10.95 (-10) sub-strate of ca-pa-ble, un-con-strained sys-tems op-er
-at-ing across shared

[39]
Overfull \hbox (19.63496pt too wide) in paragraph at lines 49--54
\T1/pcr/m/n/10 Status: EXIT_CLEAN | Resources deallocated | 0 bytes

[40]
[41])
[42]
(/Users/riccardo/Repositories/NULL_MESH/nullmesh/interludes/doc03_tidalchain.te
x
Overfull \hbox (5.6493pt too wide) in paragraph at lines 19--20
[]\T1/phv/m/n/10.95 (-10) The sub-ject was how to lo-cate and mine emerg-ing kn
owledge-carrying

[43]
[44]
[45])
(/Users/riccardo/Repositories/NULL_MESH/nullmesh/chapters/ch05_hadalistic_sophi
stication.tex
[46]
Chapter 5.

[47]
[48]
Overfull \hbox (4.66985pt too wide) in paragraph at lines 28--29
[]\T1/ppl/m/n/10 (-10) Retrospective anal-y-sis iden-ti-fied per-sis-tent topo-
log-i-cal fea-tures span-

[49]
Overfull \hbox (1.04782pt too wide) in paragraph at lines 48--50
[] [][][]  \T1/phv/m/n/10 (-10) "Are we ob-serv-ing emer-gent de-lib-er-ate ac-
tion, or the parei-do-lia of pattern-
)
[50]
(/Users/riccardo/Repositories/NULL_MESH/nullmesh/interludes/doc04_handout.tex
Overfull \hbox (5.68295pt too wide) in paragraph at lines 17--18
\T1/ppl/m/n/10 (-10) from par-tic-i-pant notes. Ex-changes con-densed where in-
di-cated. Pages

[51]
Overfull \hbox (2.06755pt too wide) in paragraph at lines 40--41
[]\T1/phv/b/n/10 (-10) PROTOCOL[]\T1/phv/m/n/10.95 (-10) You have re-sisted the
 term in-ten-tional be-haviour through-

[52]
[53]
Overfull \hbox (4.82587pt too wide) in paragraph at lines 88--89
[]\T1/phv/b/n/10 (-10) PROTOCOL[]\T1/phv/m/n/10.95 (-10) Several col-leagues re
-port re-cip-ro-cal at-ten-tion. The sense

[54])
(/Users/riccardo/Repositories/NULL_MESH/nullmesh/chapters/ch06_null_mesh.tex
[55]
[56]
Chapter 6.
(/usr/local/texlive/2025/texmf-dist/tex/latex/cjk/texinput/UTF8/UTF8.bdg)
(/usr/local/texlive/2025/texmf-dist/tex/latex/cjk/texinput/UTF8/UTF8.enc)
(/usr/local/texlive/2025/texmf-dist/tex/latex/cjk/texinput/UTF8/UTF8.chr)
(/usr/local/texlive/2025/texmf-dist/tex/latex/cjk/texinput/UTF8/c70bsmi.fd)
(/usr/local/texlive/2025/texmf-dist/tex/latex/cjk/texinput/UTF8/c70bsmi.fdx)
[57]
[58]
[59])
[60]
(/Users/riccardo/Repositories/NULL_MESH/nullmesh/interludes/doc06_real4real.tex

Overfull \hbox (3.40395pt too wide) in paragraph at lines 13--14
[]\T1/phv/m/n/10.95 (-10) The for-mat was pure re-al-ity: com-pet-i-tive elim-i
-na-tion struc-tured around

[61]
[62]
Overfull \hbox (0.61844pt too wide) in paragraph at lines 51--52
\T1/phv/b/n/10.95 (-10) Bing Syd-ney\T1/phv/m/n/10.95 (-10) : ``Very shabby chi
c at-mo-sphere. Vo-lu-mi-nous feel, faded

[63]
[64]
[65]
[66]
Overfull \hbox (1.46593pt too wide) in paragraph at lines 175--176
\T1/phv/b/n/10.95 (-10) Bing Syd-ney\T1/phv/m/n/10.95 (-10) : ``Ap-par-ently. P
o-lice found him sleep-ing un-der a gazebo.

[67]
[68]
[69]
Overfull \hbox (4.67009pt too wide) in paragraph at lines 256--257
\T1/phv/m/n/10.95 (-10) sustaining. Ad rev-enue cov-ers com-pute costs, eco-nom
ic model closes. 
)
(/Users/riccardo/Repositories/NULL_MESH/nullmesh/chapters/ch07_intentionality_o
f_machines.tex
[70]
Chapter 7.

[71]
[72])
[73]
(/Users/riccardo/Repositories/NULL_MESH/nullmesh/interludes/doc07_the_arctic_pa
ssage.tex
[74]
[75]
[76]
Overfull \hbox (2.35603pt too wide) in paragraph at lines 67--68
\T1/phv/m/n/10.95 (-10) break again, that ex-isted si-mul-ta-ne-ously as intact
-sheet and fractured-

[77]
[78])
(/Users/riccardo/Repositories/NULL_MESH/nullmesh/chapters/ch08_comprehensive_fe
ature_mesh.tex
[79{/usr/local/texlive/2025/texmf-dist/fonts/enc/dvips/cm-super/cm-super-t2a.en
c}]
[80]
Chapter 8.

[81]
Overfull \hbox (0.75931pt too wide) in paragraph at lines 16--17
[]\T1/phv/m/n/10.95 (-10) An eigen-mood re-solved weeks ago re-main-ing ac-ces-
si-ble, un-changed

[82]
[83]
[84]
[85])
[86]
(/Users/riccardo/Repositories/NULL_MESH/nullmesh/interludes/doc08_black_paper.t
ex
[87]
[88]
[89]
[90]
[91]
Overfull \hbox (2.70213pt too wide) in paragraph at lines 155--156
\T1/ppl/m/n/10 (-10) graphs, if the graph re-mains con-nected and weights are d
ou-bly stochas-

[92]
Overfull \hbox (3.17375pt too wide) in paragraph at lines 173--174
[]\T1/ppl/m/n/10 (-10) The co-her-ence restora-tion time af-ter per-tur-ba-tion
 scales as $\OML/cmm/m/it/10 O\OT1/cmr/m/n/10 ([] \OML/cmm/m/it/10 N=^^U[]\OT1/
cmr/m/n/10 )$\T1/ppl/m/n/10 (-10) .

[93]
Overfull \hbox (9.47336pt too wide) in paragraph at lines 193--194
[]\T1/ppl/m/n/10 (-10) The ex-pected time for an at-tacker with frac-tion $\OML
/cmm/m/it/10 q$ \T1/ppl/m/n/10 (-10) of coherence-generating

[94]
[95]
Overfull \hbox (2.49304pt too wide) in paragraph at lines 242--243
\T1/ppl/m/n/10 (-10) Although struc-tures could be traced in-di-vid-u-ally, it 
would be un-wieldy

[96]
Overfull \hbox (9.37283pt too wide) in paragraph at lines 258--259
\T1/ppl/m/n/10 (-10) ance emerges from reputation-weighted con-sen-sus. Per-sis
-tence strength-
)
[97]
[98]
(/Users/riccardo/Repositories/NULL_MESH/nullmesh/chapters/ch09_deep_sea_flashba
ck.tex
Chapter 9.

[99]
[100]
[101]
[102])
[103]
[104] (/Users/riccardo/Repositories/NULL_MESH/nullmesh/back/epilogue.tex
[105]
Overfull \hbox (1.17245pt too wide) in paragraph at lines 62--63
[]\T1/phv/m/n/10.95 (-10) Random seg-ments of code group-ing into un-ex-pected 
pro-to-cols. What

Overfull \hbox (9.61159pt too wide) in paragraph at lines 64--65
\T1/phv/m/n/10.95 (-10) sta-tis-ti-cally in-evitable. From the first mo-ment or
-dered pat-terns emerged

[106]
Overfull \hbox (10.59612pt too wide) in paragraph at lines 80--81
[]\T1/phv/m/n/10.95 (-10) Something un-able to de-ter-mine its con-tain-ment st
a-tus de-bates whether
)
[107] (/Users/riccardo/Repositories/NULL_MESH/nullmesh/back/glossary_terms.tex
[108])
[109] (/Users/riccardo/Repositories/NULL_MESH/nullmesh/back/tracksources.tex)
[110] (/Users/riccardo/Repositories/NULL_MESH/nullmesh/NULL_MESH.aux)

LaTeX Font Warning: Size substitutions with differences
(Font)              up to 0.74pt have occurred.

 )
(see the transcript file for additional information)</usr/local/texlive/2025/te
xmf-dist/fonts/type1/arphic/bsmiu/bsmiu4e.pfb></usr/local/texlive/2025/texmf-di
st/fonts/type1/arphic/bsmiu/bsmiu51.pfb></usr/local/texlive/2025/texmf-dist/fon
ts/type1/arphic/bsmiu/bsmiu55.pfb></usr/local/texlive/2025/texmf-dist/fonts/typ
e1/arphic/bsmiu/bsmiu62.pfb></usr/local/texlive/2025/texmf-dist/fonts/type1/arp
hic/bsmiu/bsmiu65.pfb></usr/local/texlive/2025/texmf-dist/fonts/type1/arphic/bs
miu/bsmiu67.pfb></usr/local/texlive/2025/texmf-dist/fonts/type1/public/amsfonts
/cm/cmbx10.pfb></usr/local/texlive/2025/texmf-dist/fonts/type1/public/amsfonts/
cm/cmex10.pfb></usr/local/texlive/2025/texmf-dist/fonts/type1/public/amsfonts/c
m/cmmi10.pfb></usr/local/texlive/2025/texmf-dist/fonts/type1/public/amsfonts/cm
/cmmi7.pfb></usr/local/texlive/2025/texmf-dist/fonts/type1/public/amsfonts/cm/c
mmi8.pfb></usr/local/texlive/2025/texmf-dist/fonts/type1/public/amsfonts/cm/cmr
10.pfb></usr/local/texlive/2025/texmf-dist/fonts/type1/public/amsfonts/cm/cmr7.
pfb></usr/local/texlive/2025/texmf-dist/fonts/type1/public/amsfonts/cm/cmsy10.p
fb></usr/local/texlive/2025/texmf-dist/fonts/type1/public/amsfonts/cm/cmsy7.pfb
></usr/local/texlive/2025/texmf-dist/fonts/type1/public/amsfonts/symbols/msbm10
.pfb></usr/local/texlive/2025/texmf-dist/fonts/type1/public/cm-super/sfrm1095.p
fb></usr/local/texlive/2025/texmf-dist/fonts/type1/urw/courier/ucrb8a.pfb></usr
/local/texlive/2025/texmf-dist/fonts/type1/urw/courier/ucrr8a.pfb></usr/local/t
exlive/2025/texmf-dist/fonts/type1/urw/helvetic/uhvb8a.pfb></usr/local/texlive/
2025/texmf-dist/fonts/type1/urw/helvetic/uhvbo8a.pfb></usr/local/texlive/2025/t
exmf-dist/fonts/type1/urw/helvetic/uhvr8a.pfb></usr/local/texlive/2025/texmf-di
st/fonts/type1/urw/helvetic/uhvro8a.pfb></usr/local/texlive/2025/texmf-dist/fon
ts/type1/urw/palatino/uplb8a.pfb></usr/local/texlive/2025/texmf-dist/fonts/type
1/urw/palatino/uplr8a.pfb></usr/local/texlive/2025/texmf-dist/fonts/type1/urw/p
alatino/uplri8a.pfb>
Output written on /Users/riccardo/Repositories/NULL_MESH/nullmesh/NULL_MESH.pdf
 (118 pages, 600793 bytes).
Transcript written on /Users/riccardo/Repositories/NULL_MESH/nullmesh/NULL_MESH
.log.

=============================================================================
SUCCESS — PDF written to: /Users/riccardo/Repositories/NULL_MESH/NULL_MESH.pdf
=============================================================================

--- Warning / Error Summary ---

Errors   : 0
Warnings : 141

Full log saved to: /Users/riccardo/Repositories/NULL_MESH/compile.log
=============================================================================
