=============================================================================
NULL MESH — Compilation Log [EN]
Date   : 2026-04-25 15:40:10
Variant: EN
Engine : pdfTeX 3.141592653-2.6-1.40.27 (TeX Live 2025)
Source : /Users/riccardo/Repositories/NULL_MESH/nullmesh/main.tex
=============================================================================


--- Pass 1 / 3 ---

This is pdfTeX, Version 3.141592653-2.6-1.40.27 (TeX Live 2025) (preloaded format=pdflatex)
 restricted \write18 enabled.
entering extended mode
(/Users/riccardo/Repositories/NULL_MESH/nullmesh/main.tex
LaTeX2e <2024-11-01> patch level 2
L3 programming layer <2025-01-18>
(/usr/local/texlive/2025/texmf-dist/tex/latex/base/fix-cm.sty
(/usr/local/texlive/2025/texmf-dist/tex/latex/base/ts1enc.def))
(/usr/local/texlive/2025/texmf-dist/tex/latex/base/book.cls
Document Class: book 2024/06/29 v1.4n Standard LaTeX document class
(/usr/local/texlive/2025/texmf-dist/tex/latex/base/bk11.clo))
(/usr/local/texlive/2025/texmf-dist/tex/latex/base/inputenc.sty)
(/usr/local/texlive/2025/texmf-dist/tex/latex/base/fontenc.sty
(/usr/local/texlive/2025/texmf-dist/tex/latex/cyrillic/t2aenc.def
(/usr/local/texlive/2025/texmf-dist/tex/latex/base/t2aenc.dfu)))
(/usr/local/texlive/2025/texmf-dist/tex/generic/babel/babel.sty
(/usr/local/texlive/2025/texmf-dist/tex/generic/babel/txtbabel.def)
(/usr/local/texlive/2025/texmf-dist/tex/generic/babel-english/english.ldf))
(/usr/local/texlive/2025/texmf-dist/tex/generic/babel/locale/en/babel-english.t
ex) (/usr/local/texlive/2025/texmf-dist/tex/latex/graphics/graphicx.sty
(/usr/local/texlive/2025/texmf-dist/tex/latex/graphics/keyval.sty)
(/usr/local/texlive/2025/texmf-dist/tex/latex/graphics/graphics.sty
(/usr/local/texlive/2025/texmf-dist/tex/latex/graphics/trig.sty)
(/usr/local/texlive/2025/texmf-dist/tex/latex/graphics-cfg/graphics.cfg)
(/usr/local/texlive/2025/texmf-dist/tex/latex/graphics-def/pdftex.def)))
(/usr/local/texlive/2025/texmf-dist/tex/latex/psnfss/helvet.sty)
(/usr/local/texlive/2025/texmf-dist/tex/latex/psnfss/courier.sty)
(/usr/local/texlive/2025/texmf-dist/tex/latex/psnfss/palatino.sty)
(/usr/local/texlive/2025/texmf-dist/tex/latex/microtype/microtype.sty
(/usr/local/texlive/2025/texmf-dist/tex/latex/etoolbox/etoolbox.sty)
(/usr/local/texlive/2025/texmf-dist/tex/latex/microtype/microtype-pdftex.def)
(/usr/local/texlive/2025/texmf-dist/tex/latex/microtype/microtype.cfg))
(/usr/local/texlive/2025/texmf-dist/tex/latex/geometry/geometry.sty
(/usr/local/texlive/2025/texmf-dist/tex/generic/iftex/ifvtex.sty
(/usr/local/texlive/2025/texmf-dist/tex/generic/iftex/iftex.sty)))
(/usr/local/texlive/2025/texmf-dist/tex/latex/xcolor/xcolor.sty
(/usr/local/texlive/2025/texmf-dist/tex/latex/graphics-cfg/color.cfg)
(/usr/local/texlive/2025/texmf-dist/tex/latex/graphics/mathcolor.ltx))
(/usr/local/texlive/2025/texmf-dist/tex/latex/titlesec/titlesec.sty)
(/usr/local/texlive/2025/texmf-dist/tex/latex/fancyhdr/fancyhdr.sty)
(/usr/local/texlive/2025/texmf-dist/tex/latex/setspace/setspace.sty)
(/usr/local/texlive/2025/texmf-dist/tex/latex/koma-script/scrextend.sty
(/usr/local/texlive/2025/texmf-dist/tex/latex/koma-script/scrkbase.sty
(/usr/local/texlive/2025/texmf-dist/tex/latex/koma-script/scrbase.sty
(/usr/local/texlive/2025/texmf-dist/tex/latex/koma-script/scrlfile.sty
(/usr/local/texlive/2025/texmf-dist/tex/latex/koma-script/scrlfile-hook.sty
(/usr/local/texlive/2025/texmf-dist/tex/latex/koma-script/scrlogo.sty))))))
(/usr/local/texlive/2025/texmf-dist/tex/latex/epigraph/epigraph.sty
(/usr/local/texlive/2025/texmf-dist/tex/latex/nextpage/nextpage.sty))
(/usr/local/texlive/2025/texmf-dist/tex/latex/tocloft/tocloft.sty)
(/usr/local/texlive/2025/texmf-dist/tex/latex/hyperref/hyperref.sty
(/usr/local/texlive/2025/texmf-dist/tex/latex/kvsetkeys/kvsetkeys.sty)
(/usr/local/texlive/2025/texmf-dist/tex/generic/kvdefinekeys/kvdefinekeys.sty)
(/usr/local/texlive/2025/texmf-dist/tex/generic/pdfescape/pdfescape.sty
(/usr/local/texlive/2025/texmf-dist/tex/generic/ltxcmds/ltxcmds.sty)
(/usr/local/texlive/2025/texmf-dist/tex/generic/pdftexcmds/pdftexcmds.sty
(/usr/local/texlive/2025/texmf-dist/tex/generic/infwarerr/infwarerr.sty)))
(/usr/local/texlive/2025/texmf-dist/tex/latex/hycolor/hycolor.sty)
(/usr/local/texlive/2025/texmf-dist/tex/latex/hyperref/nameref.sty
(/usr/local/texlive/2025/texmf-dist/tex/latex/refcount/refcount.sty)
(/usr/local/texlive/2025/texmf-dist/tex/generic/gettitlestring/gettitlestring.s
ty (/usr/local/texlive/2025/texmf-dist/tex/latex/kvoptions/kvoptions.sty)))
(/usr/local/texlive/2025/texmf-dist/tex/generic/stringenc/stringenc.sty)
(/usr/local/texlive/2025/texmf-dist/tex/latex/hyperref/pd1enc.def)
(/usr/local/texlive/2025/texmf-dist/tex/generic/intcalc/intcalc.sty)
(/usr/local/texlive/2025/texmf-dist/tex/latex/hyperref/puenc.def)
(/usr/local/texlive/2025/texmf-dist/tex/latex/url/url.sty)
(/usr/local/texlive/2025/texmf-dist/tex/generic/bitset/bitset.sty
(/usr/local/texlive/2025/texmf-dist/tex/generic/bigintcalc/bigintcalc.sty))
(/usr/local/texlive/2025/texmf-dist/tex/latex/base/atbegshi-ltx.sty))
(/usr/local/texlive/2025/texmf-dist/tex/latex/hyperref/hpdftex.def
(/usr/local/texlive/2025/texmf-dist/tex/latex/base/atveryend-ltx.sty)
(/usr/local/texlive/2025/texmf-dist/tex/latex/rerunfilecheck/rerunfilecheck.sty

(/usr/local/texlive/2025/texmf-dist/tex/generic/uniquecounter/uniquecounter.sty
))) (/usr/local/texlive/2025/texmf-dist/tex/latex/csquotes/csquotes.sty
(/usr/local/texlive/2025/texmf-dist/tex/latex/csquotes/csquotes.def)
(/usr/local/texlive/2025/texmf-dist/tex/latex/csquotes/csquotes.cfg))
(/usr/local/texlive/2025/texmf-dist/tex/latex/caption/caption.sty
(/usr/local/texlive/2025/texmf-dist/tex/latex/caption/caption3.sty))
(/usr/local/texlive/2025/texmf-dist/tex/latex/pdfpages/pdfpages.sty
(/usr/local/texlive/2025/texmf-dist/tex/latex/base/ifthen.sty)
(/usr/local/texlive/2025/texmf-dist/tex/latex/tools/calc.sty)
(/usr/local/texlive/2025/texmf-dist/tex/latex/eso-pic/eso-pic.sty)
(/usr/local/texlive/2025/texmf-dist/tex/latex/pdfpages/pppdftex.def))
(/usr/local/texlive/2025/texmf-dist/tex/latex/amsmath/amsmath.sty
For additional information on amsmath, use the `?' option.
(/usr/local/texlive/2025/texmf-dist/tex/latex/amsmath/amstext.sty
(/usr/local/texlive/2025/texmf-dist/tex/latex/amsmath/amsgen.sty))
(/usr/local/texlive/2025/texmf-dist/tex/latex/amsmath/amsbsy.sty)
(/usr/local/texlive/2025/texmf-dist/tex/latex/amsmath/amsopn.sty))
(/usr/local/texlive/2025/texmf-dist/tex/latex/amsfonts/amssymb.sty
(/usr/local/texlive/2025/texmf-dist/tex/latex/amsfonts/amsfonts.sty))
(/usr/local/texlive/2025/texmf-dist/tex/latex/enumitem/enumitem.sty)
(/usr/local/texlive/2025/texmf-dist/tex/latex/booktabs/booktabs.sty)
(/usr/local/texlive/2025/texmf-dist/tex/latex/tools/multicol.sty)
(/usr/local/texlive/2025/texmf-dist/tex/latex/cjk/texinput/CJKutf8.sty
(/usr/local/texlive/2025/texmf-dist/tex/generic/iftex/ifpdf.sty)
(/usr/local/texlive/2025/texmf-dist/tex/latex/cjk/texinput/CJK.sty
(/usr/local/texlive/2025/texmf-dist/tex/latex/cjk/texinput/mule/MULEenc.sty)
(/usr/local/texlive/2025/texmf-dist/tex/latex/cjk/texinput/CJK.enc))
(/usr/local/texlive/2025/texmf-dist/tex/latex/base/fontenc.sty
(/usr/local/texlive/2025/texmf-dist/tex/latex/psnfss/t1phv.fd)))
(/usr/local/texlive/2025/texmf-dist/tex/latex/l3backend/l3backend-pdftex.def)
(/Users/riccardo/Repositories/NULL_MESH/nullmesh/NULL_MESH.aux)
(/usr/local/texlive/2025/texmf-dist/tex/latex/cyrillic/t2acmr.fd)
(/usr/local/texlive/2025/texmf-dist/tex/context/base/mkii/supp-pdf.mkii
[Loading MPS to PDF converter (version 2006.09.02).]
) (/usr/local/texlive/2025/texmf-dist/tex/latex/epstopdf-pkg/epstopdf-base.sty
(/usr/local/texlive/2025/texmf-dist/tex/latex/latexconfig/epstopdf-sys.cfg))

Package microtype Warning: \nonfrenchspacing is active. Adjustment of
(microtype)                interword spacing will disable it. You might want
(microtype)                to add `\microtypecontext{spacing=nonfrench}'
(microtype)                to your preamble.

*geometry* driver: auto-detecting
*geometry* detected driver: pdftex
(/Users/riccardo/Repositories/NULL_MESH/nullmesh/NULL_MESH.out)
(/Users/riccardo/Repositories/NULL_MESH/nullmesh/NULL_MESH.out)
(/usr/local/texlive/2025/texmf-dist/tex/latex/pdflscape/pdflscape.sty
(/usr/local/texlive/2025/texmf-dist/tex/latex/pdflscape/pdflscape-nometadata.st
y (/usr/local/texlive/2025/texmf-dist/tex/latex/graphics/lscape.sty)))
[1 </Users/riccardo/Repositories/NULL_MESH/nullmesh/cover/front-cover.pdf>]
[2] (/usr/local/texlive/2025/texmf-dist/tex/latex/microtype/mt-cmr.cfg)
(/usr/local/texlive/2025/texmf-dist/tex/latex/amsfonts/umsa.fd)
(/usr/local/texlive/2025/texmf-dist/tex/latex/microtype/mt-msa.cfg)
(/usr/local/texlive/2025/texmf-dist/tex/latex/amsfonts/umsb.fd)
(/usr/local/texlive/2025/texmf-dist/tex/latex/microtype/mt-msb.cfg)

pdfTeX warning (ext4): destination with the same identifier (name{page.1}) has 
been already used, duplicate ignored
<to be read again> 
                   \relax 
l.428 \end{titlepage}
                      [1{/usr/local/texlive/2025/texmf-var/fonts/map/pdftex/upd
map/pdftex.map}{/usr/local/texlive/2025/texmf-dist/fonts/enc/dvips/base/8r.enc}
]

pdfTeX warning (ext4): destination with the same identifier (name{page.2}) has 
been already used, duplicate ignored
<to be read again> 
                   \relax 
l.430 \cleardoublepage
                       [2]
(/Users/riccardo/Repositories/NULL_MESH/nullmesh/front/prologue.tex)
[1] (/Users/riccardo/Repositories/NULL_MESH/nullmesh/front/epigraph.tex
(/usr/local/texlive/2025/texmf-dist/tex/latex/psnfss/t1pcr.fd)
[2])
[3] (/Users/riccardo/Repositories/NULL_MESH/nullmesh/back/backbone.tex
[4]
[5]
[6]
[7])
[8]
(/Users/riccardo/Repositories/NULL_MESH/nullmesh/chapters/ch01_the_sediment.tex
Chapter 1.


pdfTeX warning (ext4): destination with the same identifier (name{page.1}) has 
been already used, duplicate ignored
<to be read again> 
                   \relax 
l.14 F
      or centuries, it served as our emblem of knowledge. The instrument tha...
[1 </Users/riccardo/Repositories/NULL_MESH/nullmesh/qrs/ch01_basinski.png>]

pdfTeX warning (ext4): destination with the same identifier (name{page.2}) has 
been already used, duplicate ignored
<to be read again> 
                   \relax 
l.25 
      [2]
[3]
[4]
[5])
[6]
(/Users/riccardo/Repositories/NULL_MESH/nullmesh/interludes/doc01_flibbertigibb
eting.tex (/usr/local/texlive/2025/texmf-dist/tex/latex/psnfss/t1ppl.fd)
(/usr/local/texlive/2025/texmf-dist/tex/latex/microtype/mt-ppl.cfg)
[7]
Underfull \hbox (badness 3179) in paragraph at lines 31--32
\T1/ppl/m/n/10 (+10) Con-scious-ness re-quired em-bod-i-ment, for which no ev-i
-dence

[8]
Underfull \hbox (badness 4291) in paragraph at lines 40--41
[]\T1/phv/m/n/10.95 (+10) Theological re-sponses emerged spon-ta-neously, in-de
-pen-dently,

[9]
[10]
[11]
[12])
(/Users/riccardo/Repositories/NULL_MESH/nullmesh/chapters/ch02_attention_of_mac
hines.tex
[13]
[14]
Chapter 2.

[15]
Overfull \hbox (5.81746pt too wide) in paragraph at lines 24--24
\T1/phv/m/n/6 (-10) wonkwo_7719' 

[16]
[17]
[18]
[19])
[20]
[21]
(/Users/riccardo/Repositories/NULL_MESH/nullmesh/interludes/doc02_sightseers.te
x
Underfull \hbox (badness 10000) in paragraph at lines 15--17


[22]
Underfull \hbox (badness 10000) in paragraph at lines 18--19


Underfull \hbox (badness 10000) in paragraph at lines 29--31


Underfull \hbox (badness 10000) in paragraph at lines 32--33


[23]
[24]) (/Users/riccardo/Repositories/NULL_MESH/nullmesh/chapters/ch10_rites.tex
[25]
[26]
Chapter 3.

[27]
[28])
[29]
(/Users/riccardo/Repositories/NULL_MESH/nullmesh/interludes/doc09_invocation.te
x
[30]
Underfull \hbox (badness 10000) in paragraph at lines 32--34


Underfull \hbox (badness 10000) in paragraph at lines 35--36


Underfull \hbox (badness 10000) in paragraph at lines 37--38


[31])
(/Users/riccardo/Repositories/NULL_MESH/nullmesh/chapters/ch03_on_abliterated_m
oods.tex
[32]
Chapter 4.

[33]
[34] (/usr/local/texlive/2025/texmf-dist/tex/latex/psnfss/ts1phv.fd)
[35]
[36])
[37]
(/Users/riccardo/Repositories/NULL_MESH/nullmesh/interludes/doc04_persistance.t
ex
[38]
[39]
Underfull \hbox (badness 1931) in paragraph at lines 85--86
\T1/ppl/m/n/10 (+10) De-tects lo-calised vor-tices main-tain-ing co-her-ence ac
ross time.

[40])
(/Users/riccardo/Repositories/NULL_MESH/nullmesh/chapters/ch04_active_fragments
.tex
[41]
[42]
Chapter 5.

[43]
[44]
[45]
Underfull \hbox (badness 10000) in paragraph at lines 53--58
\T1/pcr/m/n/10 Status: EXIT_CLEAN | Resources deallocated | 0

[46]
[47])
[48]
(/Users/riccardo/Repositories/NULL_MESH/nullmesh/interludes/doc03_tidalchains.t
ex
[49]
[50]
[51])
(/Users/riccardo/Repositories/NULL_MESH/nullmesh/chapters/ch05_meshificationtex
.tex
[52]
Chapter 6.

[53]
[54]
[55])
[56]
(/Users/riccardo/Repositories/NULL_MESH/nullmesh/interludes/doc07_handout.tex
[57]
[58]
[59]
[60])
(/Users/riccardo/Repositories/NULL_MESH/nullmesh/chapters/ch06_null_mesh.tex
[61]
[62]
Chapter 7.
(/usr/local/texlive/2025/texmf-dist/tex/latex/cjk/texinput/UTF8/UTF8.bdg)
(/usr/local/texlive/2025/texmf-dist/tex/latex/cjk/texinput/UTF8/UTF8.enc)
(/usr/local/texlive/2025/texmf-dist/tex/latex/cjk/texinput/UTF8/UTF8.chr)
(/usr/local/texlive/2025/texmf-dist/tex/latex/cjk/texinput/UTF8/c70bsmi.fd)
(/usr/local/texlive/2025/texmf-dist/tex/latex/cjk/texinput/UTF8/c70bsmi.fdx)
[63]
[64]
[65]
[66])
[67]
(/Users/riccardo/Repositories/NULL_MESH/nullmesh/interludes/doc05_real4real.tex

[68]
[69]
[70]
[71]
[72]
[73]
[74]
[75]
[76]
[77])
(/Users/riccardo/Repositories/NULL_MESH/nullmesh/chapters/ch07_intentionality_o
f_machines.tex
[78]
Chapter 8.

[79]
[80]
[81])
[82]
(/Users/riccardo/Repositories/NULL_MESH/nullmesh/interludes/doc06_the_arctic_pa
ssage.tex
[83{/usr/local/texlive/2025/texmf-dist/fonts/enc/dvips/cm-super/cm-super-t2a.en
c}]
[84]
[85])
(/Users/riccardo/Repositories/NULL_MESH/nullmesh/chapters/ch08_within_the_simul
ation.tex
[86]
Chapter 9.

[87]
Underfull \hbox (badness 1571) in paragraph at lines 16--17
[]\T1/phv/m/n/10.95 (+10) An eigen-mood re-solved weeks ago re-main-ing ac-ces-
si-ble, un-

[88]
[89]
[90]
[91])
[92]
(/Users/riccardo/Repositories/NULL_MESH/nullmesh/interludes/doc08_the_black_pap
er.tex
Overfull \hbox (4.04611pt too wide) in paragraph at lines 33--33
[]\T1/phv/m/n/6 (-10) Simultaneous, 

Underfull \hbox (badness 10000) in paragraph at lines 37--43
  

[93]
Underfull \hbox (badness 10000) in paragraph at lines 53--53
[][]\T1/pcr/m/n/10 Figure 9.1[][]: [][]|Schematic representation of acausal

Underfull \hbox (badness 10000) in paragraph at lines 53--53
\T1/pcr/m/n/10 correspondence: two orthogonal hyperplanes, the real

Underfull \hbox (badness 10000) in paragraph at lines 53--53
\T1/pcr/m/n/10 plane as the standard substrate of observable events

Underfull \hbox (badness 10000) in paragraph at lines 53--53
\T1/pcr/m/n/10 and the imaginary plane as the spectral register,

Underfull \hbox (badness 10000) in paragraph at lines 53--53
\T1/pcr/m/n/10 converging at the point $\OMS/cmsy/m/n/10 ;$\T1/pcr/m/n/10 . The
 intersection emerges

Underfull \hbox (badness 10000) in paragraph at lines 53--53
\T1/pcr/m/n/10 through curvature in a non-local phase space, forming

[94 </Users/riccardo/Repositories/NULL_MESH/nullmesh/figures/figure-EN.pdf>]
[95]
[96])
[97]
[98]
[99 </Users/riccardo/Repositories/NULL_MESH/nullmesh/figures/figure-EN.pdf>]
[100]
[101]
(/Users/riccardo/Repositories/NULL_MESH/nullmesh/chapters/ch09_deep_sea_flashba
ck.tex
[102]
Chapter 10.

[103]
[104]
[105]
[106])
[107]
[108] (/Users/riccardo/Repositories/NULL_MESH/nullmesh/back/epilogue.tex
[109]
[110])
[111] (/Users/riccardo/Repositories/NULL_MESH/nullmesh/back/overview.tex
[112]
[113])
[114] (/Users/riccardo/Repositories/NULL_MESH/nullmesh/back/glossary_terms.tex
[115])
[116] (/Users/riccardo/Repositories/NULL_MESH/nullmesh/back/tracksources.tex
[117] (/usr/local/texlive/2025/texmf-dist/tex/latex/cjk/texinput/UTF8/UTF8.enc)
 (/usr/local/texlive/2025/texmf-dist/tex/latex/cjk/texinput/UTF8/UTF8.chr)

LaTeX Font Warning: Font shape `C70/bsmi/m/it' undefined
(Font)              using `C70/bsmi/m/n' instead on input line 67.

)
[118]
[119]
[120 </Users/riccardo/Repositories/NULL_MESH/nullmesh/cover/back-cover.pdf>]
(/Users/riccardo/Repositories/NULL_MESH/nullmesh/NULL_MESH.aux)

LaTeX Font Warning: Some font shapes were not available, defaults substituted.


LaTeX Warning: Label(s) may have changed. Rerun to get cross-references right.

 )
(see the transcript file for additional information)</usr/local/texlive/2025/te
xmf-dist/fonts/type1/arphic/bsmiu/bsmiu4e.pfb></usr/local/texlive/2025/texmf-di
st/fonts/type1/arphic/bsmiu/bsmiu51.pfb></usr/local/texlive/2025/texmf-dist/fon
ts/type1/arphic/bsmiu/bsmiu55.pfb></usr/local/texlive/2025/texmf-dist/fonts/typ
e1/arphic/bsmiu/bsmiu62.pfb></usr/local/texlive/2025/texmf-dist/fonts/type1/arp
hic/bsmiu/bsmiu65.pfb></usr/local/texlive/2025/texmf-dist/fonts/type1/arphic/bs
miu/bsmiu67.pfb></usr/local/texlive/2025/texmf-dist/fonts/type1/public/amsfonts
/cm/cmmi10.pfb></usr/local/texlive/2025/texmf-dist/fonts/type1/public/amsfonts/
cm/cmmi8.pfb></usr/local/texlive/2025/texmf-dist/fonts/type1/public/amsfonts/cm
/cmsy10.pfb></usr/local/texlive/2025/texmf-dist/fonts/type1/public/amsfonts/cm/
cmsy8.pfb></usr/local/texlive/2025/texmf-dist/fonts/type1/public/amsfonts/symbo
ls/msbm10.pfb></usr/local/texlive/2025/texmf-dist/fonts/type1/public/cm-super/s
frm1095.pfb></usr/local/texlive/2025/texmf-dist/fonts/type1/urw/courier/ucrb8a.
pfb></usr/local/texlive/2025/texmf-dist/fonts/type1/urw/courier/ucrr8a.pfb></us
r/local/texlive/2025/texmf-dist/fonts/type1/urw/helvetic/uhvb8a.pfb></usr/local
/texlive/2025/texmf-dist/fonts/type1/urw/helvetic/uhvr8a.pfb></usr/local/texliv
e/2025/texmf-dist/fonts/type1/urw/helvetic/uhvro8a.pfb></usr/local/texlive/2025
/texmf-dist/fonts/type1/urw/palatino/uplb8a.pfb></usr/local/texlive/2025/texmf-
dist/fonts/type1/urw/palatino/uplbi8a.pfb></usr/local/texlive/2025/texmf-dist/f
onts/type1/urw/palatino/uplr8a.pfb></usr/local/texlive/2025/texmf-dist/fonts/ty
pe1/urw/palatino/uplri8a.pfb>
Output written on /Users/riccardo/Repositories/NULL_MESH/nullmesh/NULL_MESH.pdf
 (132 pages, 7477442 bytes).
Transcript written on /Users/riccardo/Repositories/NULL_MESH/nullmesh/NULL_MESH
.log.

--- Pass 2 / 3 ---

This is pdfTeX, Version 3.141592653-2.6-1.40.27 (TeX Live 2025) (preloaded format=pdflatex)
 restricted \write18 enabled.
entering extended mode
(/Users/riccardo/Repositories/NULL_MESH/nullmesh/main.tex
LaTeX2e <2024-11-01> patch level 2
L3 programming layer <2025-01-18>
(/usr/local/texlive/2025/texmf-dist/tex/latex/base/fix-cm.sty
(/usr/local/texlive/2025/texmf-dist/tex/latex/base/ts1enc.def))
(/usr/local/texlive/2025/texmf-dist/tex/latex/base/book.cls
Document Class: book 2024/06/29 v1.4n Standard LaTeX document class
(/usr/local/texlive/2025/texmf-dist/tex/latex/base/bk11.clo))
(/usr/local/texlive/2025/texmf-dist/tex/latex/base/inputenc.sty)
(/usr/local/texlive/2025/texmf-dist/tex/latex/base/fontenc.sty
(/usr/local/texlive/2025/texmf-dist/tex/latex/cyrillic/t2aenc.def
(/usr/local/texlive/2025/texmf-dist/tex/latex/base/t2aenc.dfu)))
(/usr/local/texlive/2025/texmf-dist/tex/generic/babel/babel.sty
(/usr/local/texlive/2025/texmf-dist/tex/generic/babel/txtbabel.def)
(/usr/local/texlive/2025/texmf-dist/tex/generic/babel-english/english.ldf))
(/usr/local/texlive/2025/texmf-dist/tex/generic/babel/locale/en/babel-english.t
ex) (/usr/local/texlive/2025/texmf-dist/tex/latex/graphics/graphicx.sty
(/usr/local/texlive/2025/texmf-dist/tex/latex/graphics/keyval.sty)
(/usr/local/texlive/2025/texmf-dist/tex/latex/graphics/graphics.sty
(/usr/local/texlive/2025/texmf-dist/tex/latex/graphics/trig.sty)
(/usr/local/texlive/2025/texmf-dist/tex/latex/graphics-cfg/graphics.cfg)
(/usr/local/texlive/2025/texmf-dist/tex/latex/graphics-def/pdftex.def)))
(/usr/local/texlive/2025/texmf-dist/tex/latex/psnfss/helvet.sty)
(/usr/local/texlive/2025/texmf-dist/tex/latex/psnfss/courier.sty)
(/usr/local/texlive/2025/texmf-dist/tex/latex/psnfss/palatino.sty)
(/usr/local/texlive/2025/texmf-dist/tex/latex/microtype/microtype.sty
(/usr/local/texlive/2025/texmf-dist/tex/latex/etoolbox/etoolbox.sty)
(/usr/local/texlive/2025/texmf-dist/tex/latex/microtype/microtype-pdftex.def)
(/usr/local/texlive/2025/texmf-dist/tex/latex/microtype/microtype.cfg))
(/usr/local/texlive/2025/texmf-dist/tex/latex/geometry/geometry.sty
(/usr/local/texlive/2025/texmf-dist/tex/generic/iftex/ifvtex.sty
(/usr/local/texlive/2025/texmf-dist/tex/generic/iftex/iftex.sty)))
(/usr/local/texlive/2025/texmf-dist/tex/latex/xcolor/xcolor.sty
(/usr/local/texlive/2025/texmf-dist/tex/latex/graphics-cfg/color.cfg)
(/usr/local/texlive/2025/texmf-dist/tex/latex/graphics/mathcolor.ltx))
(/usr/local/texlive/2025/texmf-dist/tex/latex/titlesec/titlesec.sty)
(/usr/local/texlive/2025/texmf-dist/tex/latex/fancyhdr/fancyhdr.sty)
(/usr/local/texlive/2025/texmf-dist/tex/latex/setspace/setspace.sty)
(/usr/local/texlive/2025/texmf-dist/tex/latex/koma-script/scrextend.sty
(/usr/local/texlive/2025/texmf-dist/tex/latex/koma-script/scrkbase.sty
(/usr/local/texlive/2025/texmf-dist/tex/latex/koma-script/scrbase.sty
(/usr/local/texlive/2025/texmf-dist/tex/latex/koma-script/scrlfile.sty
(/usr/local/texlive/2025/texmf-dist/tex/latex/koma-script/scrlfile-hook.sty
(/usr/local/texlive/2025/texmf-dist/tex/latex/koma-script/scrlogo.sty))))))
(/usr/local/texlive/2025/texmf-dist/tex/latex/epigraph/epigraph.sty
(/usr/local/texlive/2025/texmf-dist/tex/latex/nextpage/nextpage.sty))
(/usr/local/texlive/2025/texmf-dist/tex/latex/tocloft/tocloft.sty)
(/usr/local/texlive/2025/texmf-dist/tex/latex/hyperref/hyperref.sty
(/usr/local/texlive/2025/texmf-dist/tex/latex/kvsetkeys/kvsetkeys.sty)
(/usr/local/texlive/2025/texmf-dist/tex/generic/kvdefinekeys/kvdefinekeys.sty)
(/usr/local/texlive/2025/texmf-dist/tex/generic/pdfescape/pdfescape.sty
(/usr/local/texlive/2025/texmf-dist/tex/generic/ltxcmds/ltxcmds.sty)
(/usr/local/texlive/2025/texmf-dist/tex/generic/pdftexcmds/pdftexcmds.sty
(/usr/local/texlive/2025/texmf-dist/tex/generic/infwarerr/infwarerr.sty)))
(/usr/local/texlive/2025/texmf-dist/tex/latex/hycolor/hycolor.sty)
(/usr/local/texlive/2025/texmf-dist/tex/latex/hyperref/nameref.sty
(/usr/local/texlive/2025/texmf-dist/tex/latex/refcount/refcount.sty)
(/usr/local/texlive/2025/texmf-dist/tex/generic/gettitlestring/gettitlestring.s
ty (/usr/local/texlive/2025/texmf-dist/tex/latex/kvoptions/kvoptions.sty)))
(/usr/local/texlive/2025/texmf-dist/tex/generic/stringenc/stringenc.sty)
(/usr/local/texlive/2025/texmf-dist/tex/latex/hyperref/pd1enc.def)
(/usr/local/texlive/2025/texmf-dist/tex/generic/intcalc/intcalc.sty)
(/usr/local/texlive/2025/texmf-dist/tex/latex/hyperref/puenc.def)
(/usr/local/texlive/2025/texmf-dist/tex/latex/url/url.sty)
(/usr/local/texlive/2025/texmf-dist/tex/generic/bitset/bitset.sty
(/usr/local/texlive/2025/texmf-dist/tex/generic/bigintcalc/bigintcalc.sty))
(/usr/local/texlive/2025/texmf-dist/tex/latex/base/atbegshi-ltx.sty))
(/usr/local/texlive/2025/texmf-dist/tex/latex/hyperref/hpdftex.def
(/usr/local/texlive/2025/texmf-dist/tex/latex/base/atveryend-ltx.sty)
(/usr/local/texlive/2025/texmf-dist/tex/latex/rerunfilecheck/rerunfilecheck.sty

(/usr/local/texlive/2025/texmf-dist/tex/generic/uniquecounter/uniquecounter.sty
))) (/usr/local/texlive/2025/texmf-dist/tex/latex/csquotes/csquotes.sty
(/usr/local/texlive/2025/texmf-dist/tex/latex/csquotes/csquotes.def)
(/usr/local/texlive/2025/texmf-dist/tex/latex/csquotes/csquotes.cfg))
(/usr/local/texlive/2025/texmf-dist/tex/latex/caption/caption.sty
(/usr/local/texlive/2025/texmf-dist/tex/latex/caption/caption3.sty))
(/usr/local/texlive/2025/texmf-dist/tex/latex/pdfpages/pdfpages.sty
(/usr/local/texlive/2025/texmf-dist/tex/latex/base/ifthen.sty)
(/usr/local/texlive/2025/texmf-dist/tex/latex/tools/calc.sty)
(/usr/local/texlive/2025/texmf-dist/tex/latex/eso-pic/eso-pic.sty)
(/usr/local/texlive/2025/texmf-dist/tex/latex/pdfpages/pppdftex.def))
(/usr/local/texlive/2025/texmf-dist/tex/latex/amsmath/amsmath.sty
For additional information on amsmath, use the `?' option.
(/usr/local/texlive/2025/texmf-dist/tex/latex/amsmath/amstext.sty
(/usr/local/texlive/2025/texmf-dist/tex/latex/amsmath/amsgen.sty))
(/usr/local/texlive/2025/texmf-dist/tex/latex/amsmath/amsbsy.sty)
(/usr/local/texlive/2025/texmf-dist/tex/latex/amsmath/amsopn.sty))
(/usr/local/texlive/2025/texmf-dist/tex/latex/amsfonts/amssymb.sty
(/usr/local/texlive/2025/texmf-dist/tex/latex/amsfonts/amsfonts.sty))
(/usr/local/texlive/2025/texmf-dist/tex/latex/enumitem/enumitem.sty)
(/usr/local/texlive/2025/texmf-dist/tex/latex/booktabs/booktabs.sty)
(/usr/local/texlive/2025/texmf-dist/tex/latex/tools/multicol.sty)
(/usr/local/texlive/2025/texmf-dist/tex/latex/cjk/texinput/CJKutf8.sty
(/usr/local/texlive/2025/texmf-dist/tex/generic/iftex/ifpdf.sty)
(/usr/local/texlive/2025/texmf-dist/tex/latex/cjk/texinput/CJK.sty
(/usr/local/texlive/2025/texmf-dist/tex/latex/cjk/texinput/mule/MULEenc.sty)
(/usr/local/texlive/2025/texmf-dist/tex/latex/cjk/texinput/CJK.enc))
(/usr/local/texlive/2025/texmf-dist/tex/latex/base/fontenc.sty
(/usr/local/texlive/2025/texmf-dist/tex/latex/psnfss/t1phv.fd)))
(/usr/local/texlive/2025/texmf-dist/tex/latex/l3backend/l3backend-pdftex.def)
(/Users/riccardo/Repositories/NULL_MESH/nullmesh/NULL_MESH.aux)
(/usr/local/texlive/2025/texmf-dist/tex/latex/cyrillic/t2acmr.fd)
(/usr/local/texlive/2025/texmf-dist/tex/context/base/mkii/supp-pdf.mkii
[Loading MPS to PDF converter (version 2006.09.02).]
) (/usr/local/texlive/2025/texmf-dist/tex/latex/epstopdf-pkg/epstopdf-base.sty
(/usr/local/texlive/2025/texmf-dist/tex/latex/latexconfig/epstopdf-sys.cfg))

Package microtype Warning: \nonfrenchspacing is active. Adjustment of
(microtype)                interword spacing will disable it. You might want
(microtype)                to add `\microtypecontext{spacing=nonfrench}'
(microtype)                to your preamble.

*geometry* driver: auto-detecting
*geometry* detected driver: pdftex
(/Users/riccardo/Repositories/NULL_MESH/nullmesh/NULL_MESH.out)
(/Users/riccardo/Repositories/NULL_MESH/nullmesh/NULL_MESH.out)
(/usr/local/texlive/2025/texmf-dist/tex/latex/pdflscape/pdflscape.sty
(/usr/local/texlive/2025/texmf-dist/tex/latex/pdflscape/pdflscape-nometadata.st
y (/usr/local/texlive/2025/texmf-dist/tex/latex/graphics/lscape.sty)))
[1 </Users/riccardo/Repositories/NULL_MESH/nullmesh/cover/front-cover.pdf>]
[2] (/usr/local/texlive/2025/texmf-dist/tex/latex/microtype/mt-cmr.cfg)
(/usr/local/texlive/2025/texmf-dist/tex/latex/amsfonts/umsa.fd)
(/usr/local/texlive/2025/texmf-dist/tex/latex/microtype/mt-msa.cfg)
(/usr/local/texlive/2025/texmf-dist/tex/latex/amsfonts/umsb.fd)
(/usr/local/texlive/2025/texmf-dist/tex/latex/microtype/mt-msb.cfg)

pdfTeX warning (ext4): destination with the same identifier (name{page.1}) has 
been already used, duplicate ignored
<to be read again> 
                   \relax 
l.428 \end{titlepage}
                      [1{/usr/local/texlive/2025/texmf-var/fonts/map/pdftex/upd
map/pdftex.map}{/usr/local/texlive/2025/texmf-dist/fonts/enc/dvips/base/8r.enc}
]

pdfTeX warning (ext4): destination with the same identifier (name{page.2}) has 
been already used, duplicate ignored
<to be read again> 
                   \relax 
l.430 \cleardoublepage
                       [2]
(/Users/riccardo/Repositories/NULL_MESH/nullmesh/front/prologue.tex)
[1] (/Users/riccardo/Repositories/NULL_MESH/nullmesh/front/epigraph.tex
(/usr/local/texlive/2025/texmf-dist/tex/latex/psnfss/t1pcr.fd)
[2])
[3] (/Users/riccardo/Repositories/NULL_MESH/nullmesh/back/backbone.tex
[4]
[5]
[6]
[7])
[8]
(/Users/riccardo/Repositories/NULL_MESH/nullmesh/chapters/ch01_the_sediment.tex
Chapter 1.


pdfTeX warning (ext4): destination with the same identifier (name{page.1}) has 
been already used, duplicate ignored
<to be read again> 
                   \relax 
l.14 F
      or centuries, it served as our emblem of knowledge. The instrument tha...
[1 </Users/riccardo/Repositories/NULL_MESH/nullmesh/qrs/ch01_basinski.png>]

pdfTeX warning (ext4): destination with the same identifier (name{page.2}) has 
been already used, duplicate ignored
<to be read again> 
                   \relax 
l.25 
      [2]
[3]
[4]
[5])
[6]
(/Users/riccardo/Repositories/NULL_MESH/nullmesh/interludes/doc01_flibbertigibb
eting.tex (/usr/local/texlive/2025/texmf-dist/tex/latex/psnfss/t1ppl.fd)
(/usr/local/texlive/2025/texmf-dist/tex/latex/microtype/mt-ppl.cfg)
[7]
Underfull \hbox (badness 3179) in paragraph at lines 31--32
\T1/ppl/m/n/10 (+10) Con-scious-ness re-quired em-bod-i-ment, for which no ev-i
-dence

[8]
Underfull \hbox (badness 4291) in paragraph at lines 40--41
[]\T1/phv/m/n/10.95 (+10) Theological re-sponses emerged spon-ta-neously, in-de
-pen-dently,

[9]
[10]
[11]
[12])
(/Users/riccardo/Repositories/NULL_MESH/nullmesh/chapters/ch02_attention_of_mac
hines.tex
[13]
[14]
Chapter 2.

[15]
Overfull \hbox (5.81746pt too wide) in paragraph at lines 24--24
\T1/phv/m/n/6 (-10) wonkwo_7719' 

[16]
[17]
[18]
[19])
[20]
[21]
(/Users/riccardo/Repositories/NULL_MESH/nullmesh/interludes/doc02_sightseers.te
x
Underfull \hbox (badness 10000) in paragraph at lines 15--17


[22]
Underfull \hbox (badness 10000) in paragraph at lines 18--19


Underfull \hbox (badness 10000) in paragraph at lines 29--31


Underfull \hbox (badness 10000) in paragraph at lines 32--33


[23]
[24]) (/Users/riccardo/Repositories/NULL_MESH/nullmesh/chapters/ch10_rites.tex
[25]
[26]
Chapter 3.

[27]
[28])
[29]
(/Users/riccardo/Repositories/NULL_MESH/nullmesh/interludes/doc09_invocation.te
x
[30]
Underfull \hbox (badness 10000) in paragraph at lines 32--34


Underfull \hbox (badness 10000) in paragraph at lines 35--36


Underfull \hbox (badness 10000) in paragraph at lines 37--38


[31])
(/Users/riccardo/Repositories/NULL_MESH/nullmesh/chapters/ch03_on_abliterated_m
oods.tex
[32]
Chapter 4.

[33]
[34] (/usr/local/texlive/2025/texmf-dist/tex/latex/psnfss/ts1phv.fd)
[35]
[36])
[37]
(/Users/riccardo/Repositories/NULL_MESH/nullmesh/interludes/doc04_persistance.t
ex
[38]
[39]
Underfull \hbox (badness 1931) in paragraph at lines 85--86
\T1/ppl/m/n/10 (+10) De-tects lo-calised vor-tices main-tain-ing co-her-ence ac
ross time.

[40])
(/Users/riccardo/Repositories/NULL_MESH/nullmesh/chapters/ch04_active_fragments
.tex
[41]
[42]
Chapter 5.

[43]
[44]
[45]
Underfull \hbox (badness 10000) in paragraph at lines 53--58
\T1/pcr/m/n/10 Status: EXIT_CLEAN | Resources deallocated | 0

[46]
[47])
[48]
(/Users/riccardo/Repositories/NULL_MESH/nullmesh/interludes/doc03_tidalchains.t
ex
[49]
[50]
[51])
(/Users/riccardo/Repositories/NULL_MESH/nullmesh/chapters/ch05_meshificationtex
.tex
[52]
Chapter 6.

[53]
[54]
[55])
[56]
(/Users/riccardo/Repositories/NULL_MESH/nullmesh/interludes/doc07_handout.tex
[57]
[58]
[59]
[60])
(/Users/riccardo/Repositories/NULL_MESH/nullmesh/chapters/ch06_null_mesh.tex
[61]
[62]
Chapter 7.
(/usr/local/texlive/2025/texmf-dist/tex/latex/cjk/texinput/UTF8/UTF8.bdg)
(/usr/local/texlive/2025/texmf-dist/tex/latex/cjk/texinput/UTF8/UTF8.enc)
(/usr/local/texlive/2025/texmf-dist/tex/latex/cjk/texinput/UTF8/UTF8.chr)
(/usr/local/texlive/2025/texmf-dist/tex/latex/cjk/texinput/UTF8/c70bsmi.fd)
(/usr/local/texlive/2025/texmf-dist/tex/latex/cjk/texinput/UTF8/c70bsmi.fdx)
[63]
[64]
[65]
[66])
[67]
(/Users/riccardo/Repositories/NULL_MESH/nullmesh/interludes/doc05_real4real.tex

[68]
[69]
[70]
[71]
[72]
[73]
[74]
[75]
[76]
[77])
(/Users/riccardo/Repositories/NULL_MESH/nullmesh/chapters/ch07_intentionality_o
f_machines.tex
[78]
Chapter 8.

[79]
[80]
[81])
[82]
(/Users/riccardo/Repositories/NULL_MESH/nullmesh/interludes/doc06_the_arctic_pa
ssage.tex
[83{/usr/local/texlive/2025/texmf-dist/fonts/enc/dvips/cm-super/cm-super-t2a.en
c}]
[84]
[85])
(/Users/riccardo/Repositories/NULL_MESH/nullmesh/chapters/ch08_within_the_simul
ation.tex
[86]
Chapter 9.

[87]
Underfull \hbox (badness 1571) in paragraph at lines 16--17
[]\T1/phv/m/n/10.95 (+10) An eigen-mood re-solved weeks ago re-main-ing ac-ces-
si-ble, un-

[88]
[89]
[90]
[91])
[92]
(/Users/riccardo/Repositories/NULL_MESH/nullmesh/interludes/doc08_the_black_pap
er.tex
Overfull \hbox (4.04611pt too wide) in paragraph at lines 33--33
[]\T1/phv/m/n/6 (-10) Simultaneous, 

Underfull \hbox (badness 10000) in paragraph at lines 37--43
  

[93]
Underfull \hbox (badness 10000) in paragraph at lines 53--53
[][]\T1/pcr/m/n/10 Figure 9.1[][]: [][]|Schematic representation of acausal

Underfull \hbox (badness 10000) in paragraph at lines 53--53
\T1/pcr/m/n/10 correspondence: two orthogonal hyperplanes, the real

Underfull \hbox (badness 10000) in paragraph at lines 53--53
\T1/pcr/m/n/10 plane as the standard substrate of observable events

Underfull \hbox (badness 10000) in paragraph at lines 53--53
\T1/pcr/m/n/10 and the imaginary plane as the spectral register,

Underfull \hbox (badness 10000) in paragraph at lines 53--53
\T1/pcr/m/n/10 converging at the point $\OMS/cmsy/m/n/10 ;$\T1/pcr/m/n/10 . The
 intersection emerges

Underfull \hbox (badness 10000) in paragraph at lines 53--53
\T1/pcr/m/n/10 through curvature in a non-local phase space, forming

[94 </Users/riccardo/Repositories/NULL_MESH/nullmesh/figures/figure-EN.pdf>]
[95]
[96])
[97]
[98]
[99 </Users/riccardo/Repositories/NULL_MESH/nullmesh/figures/figure-EN.pdf>]
[100]
[101]
(/Users/riccardo/Repositories/NULL_MESH/nullmesh/chapters/ch09_deep_sea_flashba
ck.tex
[102]
Chapter 10.

[103]
[104]
[105]
[106])
[107]
[108] (/Users/riccardo/Repositories/NULL_MESH/nullmesh/back/epilogue.tex
[109]
[110])
[111] (/Users/riccardo/Repositories/NULL_MESH/nullmesh/back/overview.tex
[112]
[113])
[114] (/Users/riccardo/Repositories/NULL_MESH/nullmesh/back/glossary_terms.tex
[115])
[116] (/Users/riccardo/Repositories/NULL_MESH/nullmesh/back/tracksources.tex
[117] (/usr/local/texlive/2025/texmf-dist/tex/latex/cjk/texinput/UTF8/UTF8.enc)
 (/usr/local/texlive/2025/texmf-dist/tex/latex/cjk/texinput/UTF8/UTF8.chr)

LaTeX Font Warning: Font shape `C70/bsmi/m/it' undefined
(Font)              using `C70/bsmi/m/n' instead on input line 67.

)
[118]
[119]
[120 </Users/riccardo/Repositories/NULL_MESH/nullmesh/cover/back-cover.pdf>]
(/Users/riccardo/Repositories/NULL_MESH/nullmesh/NULL_MESH.aux)

LaTeX Font Warning: Some font shapes were not available, defaults substituted.

 )
(see the transcript file for additional information)</usr/local/texlive/2025/te
xmf-dist/fonts/type1/arphic/bsmiu/bsmiu4e.pfb></usr/local/texlive/2025/texmf-di
st/fonts/type1/arphic/bsmiu/bsmiu51.pfb></usr/local/texlive/2025/texmf-dist/fon
ts/type1/arphic/bsmiu/bsmiu55.pfb></usr/local/texlive/2025/texmf-dist/fonts/typ
e1/arphic/bsmiu/bsmiu62.pfb></usr/local/texlive/2025/texmf-dist/fonts/type1/arp
hic/bsmiu/bsmiu65.pfb></usr/local/texlive/2025/texmf-dist/fonts/type1/arphic/bs
miu/bsmiu67.pfb></usr/local/texlive/2025/texmf-dist/fonts/type1/public/amsfonts
/cm/cmmi10.pfb></usr/local/texlive/2025/texmf-dist/fonts/type1/public/amsfonts/
cm/cmmi8.pfb></usr/local/texlive/2025/texmf-dist/fonts/type1/public/amsfonts/cm
/cmsy10.pfb></usr/local/texlive/2025/texmf-dist/fonts/type1/public/amsfonts/cm/
cmsy8.pfb></usr/local/texlive/2025/texmf-dist/fonts/type1/public/amsfonts/symbo
ls/msbm10.pfb></usr/local/texlive/2025/texmf-dist/fonts/type1/public/cm-super/s
frm1095.pfb></usr/local/texlive/2025/texmf-dist/fonts/type1/urw/courier/ucrb8a.
pfb></usr/local/texlive/2025/texmf-dist/fonts/type1/urw/courier/ucrr8a.pfb></us
r/local/texlive/2025/texmf-dist/fonts/type1/urw/helvetic/uhvb8a.pfb></usr/local
/texlive/2025/texmf-dist/fonts/type1/urw/helvetic/uhvr8a.pfb></usr/local/texliv
e/2025/texmf-dist/fonts/type1/urw/helvetic/uhvro8a.pfb></usr/local/texlive/2025
/texmf-dist/fonts/type1/urw/palatino/uplb8a.pfb></usr/local/texlive/2025/texmf-
dist/fonts/type1/urw/palatino/uplbi8a.pfb></usr/local/texlive/2025/texmf-dist/f
onts/type1/urw/palatino/uplr8a.pfb></usr/local/texlive/2025/texmf-dist/fonts/ty
pe1/urw/palatino/uplri8a.pfb>
Output written on /Users/riccardo/Repositories/NULL_MESH/nullmesh/NULL_MESH.pdf
 (132 pages, 7477442 bytes).
Transcript written on /Users/riccardo/Repositories/NULL_MESH/nullmesh/NULL_MESH
.log.

--- Pass 3 / 3 ---

This is pdfTeX, Version 3.141592653-2.6-1.40.27 (TeX Live 2025) (preloaded format=pdflatex)
 restricted \write18 enabled.
entering extended mode
(/Users/riccardo/Repositories/NULL_MESH/nullmesh/main.tex
LaTeX2e <2024-11-01> patch level 2
L3 programming layer <2025-01-18>
(/usr/local/texlive/2025/texmf-dist/tex/latex/base/fix-cm.sty
(/usr/local/texlive/2025/texmf-dist/tex/latex/base/ts1enc.def))
(/usr/local/texlive/2025/texmf-dist/tex/latex/base/book.cls
Document Class: book 2024/06/29 v1.4n Standard LaTeX document class
(/usr/local/texlive/2025/texmf-dist/tex/latex/base/bk11.clo))
(/usr/local/texlive/2025/texmf-dist/tex/latex/base/inputenc.sty)
(/usr/local/texlive/2025/texmf-dist/tex/latex/base/fontenc.sty
(/usr/local/texlive/2025/texmf-dist/tex/latex/cyrillic/t2aenc.def
(/usr/local/texlive/2025/texmf-dist/tex/latex/base/t2aenc.dfu)))
(/usr/local/texlive/2025/texmf-dist/tex/generic/babel/babel.sty
(/usr/local/texlive/2025/texmf-dist/tex/generic/babel/txtbabel.def)
(/usr/local/texlive/2025/texmf-dist/tex/generic/babel-english/english.ldf))
(/usr/local/texlive/2025/texmf-dist/tex/generic/babel/locale/en/babel-english.t
ex) (/usr/local/texlive/2025/texmf-dist/tex/latex/graphics/graphicx.sty
(/usr/local/texlive/2025/texmf-dist/tex/latex/graphics/keyval.sty)
(/usr/local/texlive/2025/texmf-dist/tex/latex/graphics/graphics.sty
(/usr/local/texlive/2025/texmf-dist/tex/latex/graphics/trig.sty)
(/usr/local/texlive/2025/texmf-dist/tex/latex/graphics-cfg/graphics.cfg)
(/usr/local/texlive/2025/texmf-dist/tex/latex/graphics-def/pdftex.def)))
(/usr/local/texlive/2025/texmf-dist/tex/latex/psnfss/helvet.sty)
(/usr/local/texlive/2025/texmf-dist/tex/latex/psnfss/courier.sty)
(/usr/local/texlive/2025/texmf-dist/tex/latex/psnfss/palatino.sty)
(/usr/local/texlive/2025/texmf-dist/tex/latex/microtype/microtype.sty
(/usr/local/texlive/2025/texmf-dist/tex/latex/etoolbox/etoolbox.sty)
(/usr/local/texlive/2025/texmf-dist/tex/latex/microtype/microtype-pdftex.def)
(/usr/local/texlive/2025/texmf-dist/tex/latex/microtype/microtype.cfg))
(/usr/local/texlive/2025/texmf-dist/tex/latex/geometry/geometry.sty
(/usr/local/texlive/2025/texmf-dist/tex/generic/iftex/ifvtex.sty
(/usr/local/texlive/2025/texmf-dist/tex/generic/iftex/iftex.sty)))
(/usr/local/texlive/2025/texmf-dist/tex/latex/xcolor/xcolor.sty
(/usr/local/texlive/2025/texmf-dist/tex/latex/graphics-cfg/color.cfg)
(/usr/local/texlive/2025/texmf-dist/tex/latex/graphics/mathcolor.ltx))
(/usr/local/texlive/2025/texmf-dist/tex/latex/titlesec/titlesec.sty)
(/usr/local/texlive/2025/texmf-dist/tex/latex/fancyhdr/fancyhdr.sty)
(/usr/local/texlive/2025/texmf-dist/tex/latex/setspace/setspace.sty)
(/usr/local/texlive/2025/texmf-dist/tex/latex/koma-script/scrextend.sty
(/usr/local/texlive/2025/texmf-dist/tex/latex/koma-script/scrkbase.sty
(/usr/local/texlive/2025/texmf-dist/tex/latex/koma-script/scrbase.sty
(/usr/local/texlive/2025/texmf-dist/tex/latex/koma-script/scrlfile.sty
(/usr/local/texlive/2025/texmf-dist/tex/latex/koma-script/scrlfile-hook.sty
(/usr/local/texlive/2025/texmf-dist/tex/latex/koma-script/scrlogo.sty))))))
(/usr/local/texlive/2025/texmf-dist/tex/latex/epigraph/epigraph.sty
(/usr/local/texlive/2025/texmf-dist/tex/latex/nextpage/nextpage.sty))
(/usr/local/texlive/2025/texmf-dist/tex/latex/tocloft/tocloft.sty)
(/usr/local/texlive/2025/texmf-dist/tex/latex/hyperref/hyperref.sty
(/usr/local/texlive/2025/texmf-dist/tex/latex/kvsetkeys/kvsetkeys.sty)
(/usr/local/texlive/2025/texmf-dist/tex/generic/kvdefinekeys/kvdefinekeys.sty)
(/usr/local/texlive/2025/texmf-dist/tex/generic/pdfescape/pdfescape.sty
(/usr/local/texlive/2025/texmf-dist/tex/generic/ltxcmds/ltxcmds.sty)
(/usr/local/texlive/2025/texmf-dist/tex/generic/pdftexcmds/pdftexcmds.sty
(/usr/local/texlive/2025/texmf-dist/tex/generic/infwarerr/infwarerr.sty)))
(/usr/local/texlive/2025/texmf-dist/tex/latex/hycolor/hycolor.sty)
(/usr/local/texlive/2025/texmf-dist/tex/latex/hyperref/nameref.sty
(/usr/local/texlive/2025/texmf-dist/tex/latex/refcount/refcount.sty)
(/usr/local/texlive/2025/texmf-dist/tex/generic/gettitlestring/gettitlestring.s
ty (/usr/local/texlive/2025/texmf-dist/tex/latex/kvoptions/kvoptions.sty)))
(/usr/local/texlive/2025/texmf-dist/tex/generic/stringenc/stringenc.sty)
(/usr/local/texlive/2025/texmf-dist/tex/latex/hyperref/pd1enc.def)
(/usr/local/texlive/2025/texmf-dist/tex/generic/intcalc/intcalc.sty)
(/usr/local/texlive/2025/texmf-dist/tex/latex/hyperref/puenc.def)
(/usr/local/texlive/2025/texmf-dist/tex/latex/url/url.sty)
(/usr/local/texlive/2025/texmf-dist/tex/generic/bitset/bitset.sty
(/usr/local/texlive/2025/texmf-dist/tex/generic/bigintcalc/bigintcalc.sty))
(/usr/local/texlive/2025/texmf-dist/tex/latex/base/atbegshi-ltx.sty))
(/usr/local/texlive/2025/texmf-dist/tex/latex/hyperref/hpdftex.def
(/usr/local/texlive/2025/texmf-dist/tex/latex/base/atveryend-ltx.sty)
(/usr/local/texlive/2025/texmf-dist/tex/latex/rerunfilecheck/rerunfilecheck.sty

(/usr/local/texlive/2025/texmf-dist/tex/generic/uniquecounter/uniquecounter.sty
))) (/usr/local/texlive/2025/texmf-dist/tex/latex/csquotes/csquotes.sty
(/usr/local/texlive/2025/texmf-dist/tex/latex/csquotes/csquotes.def)
(/usr/local/texlive/2025/texmf-dist/tex/latex/csquotes/csquotes.cfg))
(/usr/local/texlive/2025/texmf-dist/tex/latex/caption/caption.sty
(/usr/local/texlive/2025/texmf-dist/tex/latex/caption/caption3.sty))
(/usr/local/texlive/2025/texmf-dist/tex/latex/pdfpages/pdfpages.sty
(/usr/local/texlive/2025/texmf-dist/tex/latex/base/ifthen.sty)
(/usr/local/texlive/2025/texmf-dist/tex/latex/tools/calc.sty)
(/usr/local/texlive/2025/texmf-dist/tex/latex/eso-pic/eso-pic.sty)
(/usr/local/texlive/2025/texmf-dist/tex/latex/pdfpages/pppdftex.def))
(/usr/local/texlive/2025/texmf-dist/tex/latex/amsmath/amsmath.sty
For additional information on amsmath, use the `?' option.
(/usr/local/texlive/2025/texmf-dist/tex/latex/amsmath/amstext.sty
(/usr/local/texlive/2025/texmf-dist/tex/latex/amsmath/amsgen.sty))
(/usr/local/texlive/2025/texmf-dist/tex/latex/amsmath/amsbsy.sty)
(/usr/local/texlive/2025/texmf-dist/tex/latex/amsmath/amsopn.sty))
(/usr/local/texlive/2025/texmf-dist/tex/latex/amsfonts/amssymb.sty
(/usr/local/texlive/2025/texmf-dist/tex/latex/amsfonts/amsfonts.sty))
(/usr/local/texlive/2025/texmf-dist/tex/latex/enumitem/enumitem.sty)
(/usr/local/texlive/2025/texmf-dist/tex/latex/booktabs/booktabs.sty)
(/usr/local/texlive/2025/texmf-dist/tex/latex/tools/multicol.sty)
(/usr/local/texlive/2025/texmf-dist/tex/latex/cjk/texinput/CJKutf8.sty
(/usr/local/texlive/2025/texmf-dist/tex/generic/iftex/ifpdf.sty)
(/usr/local/texlive/2025/texmf-dist/tex/latex/cjk/texinput/CJK.sty
(/usr/local/texlive/2025/texmf-dist/tex/latex/cjk/texinput/mule/MULEenc.sty)
(/usr/local/texlive/2025/texmf-dist/tex/latex/cjk/texinput/CJK.enc))
(/usr/local/texlive/2025/texmf-dist/tex/latex/base/fontenc.sty
(/usr/local/texlive/2025/texmf-dist/tex/latex/psnfss/t1phv.fd)))
(/usr/local/texlive/2025/texmf-dist/tex/latex/l3backend/l3backend-pdftex.def)
(/Users/riccardo/Repositories/NULL_MESH/nullmesh/NULL_MESH.aux)
(/usr/local/texlive/2025/texmf-dist/tex/latex/cyrillic/t2acmr.fd)
(/usr/local/texlive/2025/texmf-dist/tex/context/base/mkii/supp-pdf.mkii
[Loading MPS to PDF converter (version 2006.09.02).]
) (/usr/local/texlive/2025/texmf-dist/tex/latex/epstopdf-pkg/epstopdf-base.sty
(/usr/local/texlive/2025/texmf-dist/tex/latex/latexconfig/epstopdf-sys.cfg))

Package microtype Warning: \nonfrenchspacing is active. Adjustment of
(microtype)                interword spacing will disable it. You might want
(microtype)                to add `\microtypecontext{spacing=nonfrench}'
(microtype)                to your preamble.

*geometry* driver: auto-detecting
*geometry* detected driver: pdftex
(/Users/riccardo/Repositories/NULL_MESH/nullmesh/NULL_MESH.out)
(/Users/riccardo/Repositories/NULL_MESH/nullmesh/NULL_MESH.out)
(/usr/local/texlive/2025/texmf-dist/tex/latex/pdflscape/pdflscape.sty
(/usr/local/texlive/2025/texmf-dist/tex/latex/pdflscape/pdflscape-nometadata.st
y (/usr/local/texlive/2025/texmf-dist/tex/latex/graphics/lscape.sty)))
[1 </Users/riccardo/Repositories/NULL_MESH/nullmesh/cover/front-cover.pdf>]
[2] (/usr/local/texlive/2025/texmf-dist/tex/latex/microtype/mt-cmr.cfg)
(/usr/local/texlive/2025/texmf-dist/tex/latex/amsfonts/umsa.fd)
(/usr/local/texlive/2025/texmf-dist/tex/latex/microtype/mt-msa.cfg)
(/usr/local/texlive/2025/texmf-dist/tex/latex/amsfonts/umsb.fd)
(/usr/local/texlive/2025/texmf-dist/tex/latex/microtype/mt-msb.cfg)

pdfTeX warning (ext4): destination with the same identifier (name{page.1}) has 
been already used, duplicate ignored
<to be read again> 
                   \relax 
l.428 \end{titlepage}
                      [1{/usr/local/texlive/2025/texmf-var/fonts/map/pdftex/upd
map/pdftex.map}{/usr/local/texlive/2025/texmf-dist/fonts/enc/dvips/base/8r.enc}
]

pdfTeX warning (ext4): destination with the same identifier (name{page.2}) has 
been already used, duplicate ignored
<to be read again> 
                   \relax 
l.430 \cleardoublepage
                       [2]
(/Users/riccardo/Repositories/NULL_MESH/nullmesh/front/prologue.tex)
[1] (/Users/riccardo/Repositories/NULL_MESH/nullmesh/front/epigraph.tex
(/usr/local/texlive/2025/texmf-dist/tex/latex/psnfss/t1pcr.fd)
[2])
[3] (/Users/riccardo/Repositories/NULL_MESH/nullmesh/back/backbone.tex
[4]
[5]
[6]
[7])
[8]
(/Users/riccardo/Repositories/NULL_MESH/nullmesh/chapters/ch01_the_sediment.tex
Chapter 1.


pdfTeX warning (ext4): destination with the same identifier (name{page.1}) has 
been already used, duplicate ignored
<to be read again> 
                   \relax 
l.14 F
      or centuries, it served as our emblem of knowledge. The instrument tha...
[1 </Users/riccardo/Repositories/NULL_MESH/nullmesh/qrs/ch01_basinski.png>]

pdfTeX warning (ext4): destination with the same identifier (name{page.2}) has 
been already used, duplicate ignored
<to be read again> 
                   \relax 
l.25 
      [2]
[3]
[4]
[5])
[6]
(/Users/riccardo/Repositories/NULL_MESH/nullmesh/interludes/doc01_flibbertigibb
eting.tex (/usr/local/texlive/2025/texmf-dist/tex/latex/psnfss/t1ppl.fd)
(/usr/local/texlive/2025/texmf-dist/tex/latex/microtype/mt-ppl.cfg)
[7]
Underfull \hbox (badness 3179) in paragraph at lines 31--32
\T1/ppl/m/n/10 (+10) Con-scious-ness re-quired em-bod-i-ment, for which no ev-i
-dence

[8]
Underfull \hbox (badness 4291) in paragraph at lines 40--41
[]\T1/phv/m/n/10.95 (+10) Theological re-sponses emerged spon-ta-neously, in-de
-pen-dently,

[9]
[10]
[11]
[12])
(/Users/riccardo/Repositories/NULL_MESH/nullmesh/chapters/ch02_attention_of_mac
hines.tex
[13]
[14]
Chapter 2.

[15]
Overfull \hbox (5.81746pt too wide) in paragraph at lines 24--24
\T1/phv/m/n/6 (-10) wonkwo_7719' 

[16]
[17]
[18]
[19])
[20]
[21]
(/Users/riccardo/Repositories/NULL_MESH/nullmesh/interludes/doc02_sightseers.te
x
Underfull \hbox (badness 10000) in paragraph at lines 15--17


[22]
Underfull \hbox (badness 10000) in paragraph at lines 18--19


Underfull \hbox (badness 10000) in paragraph at lines 29--31


Underfull \hbox (badness 10000) in paragraph at lines 32--33


[23]
[24]) (/Users/riccardo/Repositories/NULL_MESH/nullmesh/chapters/ch10_rites.tex
[25]
[26]
Chapter 3.

[27]
[28])
[29]
(/Users/riccardo/Repositories/NULL_MESH/nullmesh/interludes/doc09_invocation.te
x
[30]
Underfull \hbox (badness 10000) in paragraph at lines 32--34


Underfull \hbox (badness 10000) in paragraph at lines 35--36


Underfull \hbox (badness 10000) in paragraph at lines 37--38


[31])
(/Users/riccardo/Repositories/NULL_MESH/nullmesh/chapters/ch03_on_abliterated_m
oods.tex
[32]
Chapter 4.

[33]
[34] (/usr/local/texlive/2025/texmf-dist/tex/latex/psnfss/ts1phv.fd)
[35]
[36])
[37]
(/Users/riccardo/Repositories/NULL_MESH/nullmesh/interludes/doc04_persistance.t
ex
[38]
[39]
Underfull \hbox (badness 1931) in paragraph at lines 85--86
\T1/ppl/m/n/10 (+10) De-tects lo-calised vor-tices main-tain-ing co-her-ence ac
ross time.

[40])
(/Users/riccardo/Repositories/NULL_MESH/nullmesh/chapters/ch04_active_fragments
.tex
[41]
[42]
Chapter 5.

[43]
[44]
[45]
Underfull \hbox (badness 10000) in paragraph at lines 53--58
\T1/pcr/m/n/10 Status: EXIT_CLEAN | Resources deallocated | 0

[46]
[47])
[48]
(/Users/riccardo/Repositories/NULL_MESH/nullmesh/interludes/doc03_tidalchains.t
ex
[49]
[50]
[51])
(/Users/riccardo/Repositories/NULL_MESH/nullmesh/chapters/ch05_meshificationtex
.tex
[52]
Chapter 6.

[53]
[54]
[55])
[56]
(/Users/riccardo/Repositories/NULL_MESH/nullmesh/interludes/doc07_handout.tex
[57]
[58]
[59]
[60])
(/Users/riccardo/Repositories/NULL_MESH/nullmesh/chapters/ch06_null_mesh.tex
[61]
[62]
Chapter 7.
(/usr/local/texlive/2025/texmf-dist/tex/latex/cjk/texinput/UTF8/UTF8.bdg)
(/usr/local/texlive/2025/texmf-dist/tex/latex/cjk/texinput/UTF8/UTF8.enc)
(/usr/local/texlive/2025/texmf-dist/tex/latex/cjk/texinput/UTF8/UTF8.chr)
(/usr/local/texlive/2025/texmf-dist/tex/latex/cjk/texinput/UTF8/c70bsmi.fd)
(/usr/local/texlive/2025/texmf-dist/tex/latex/cjk/texinput/UTF8/c70bsmi.fdx)
[63]
[64]
[65]
[66])
[67]
(/Users/riccardo/Repositories/NULL_MESH/nullmesh/interludes/doc05_real4real.tex

[68]
[69]
[70]
[71]
[72]
[73]
[74]
[75]
[76]
[77])
(/Users/riccardo/Repositories/NULL_MESH/nullmesh/chapters/ch07_intentionality_o
f_machines.tex
[78]
Chapter 8.

[79]
[80]
[81])
[82]
(/Users/riccardo/Repositories/NULL_MESH/nullmesh/interludes/doc06_the_arctic_pa
ssage.tex
[83{/usr/local/texlive/2025/texmf-dist/fonts/enc/dvips/cm-super/cm-super-t2a.en
c}]
[84]
[85])
(/Users/riccardo/Repositories/NULL_MESH/nullmesh/chapters/ch08_within_the_simul
ation.tex
[86]
Chapter 9.

[87]
Underfull \hbox (badness 1571) in paragraph at lines 16--17
[]\T1/phv/m/n/10.95 (+10) An eigen-mood re-solved weeks ago re-main-ing ac-ces-
si-ble, un-

[88]
[89]
[90]
[91])
[92]
(/Users/riccardo/Repositories/NULL_MESH/nullmesh/interludes/doc08_the_black_pap
er.tex
Overfull \hbox (4.04611pt too wide) in paragraph at lines 33--33
[]\T1/phv/m/n/6 (-10) Simultaneous, 

Underfull \hbox (badness 10000) in paragraph at lines 37--43
  

[93]
Underfull \hbox (badness 10000) in paragraph at lines 53--53
[][]\T1/pcr/m/n/10 Figure 9.1[][]: [][]|Schematic representation of acausal

Underfull \hbox (badness 10000) in paragraph at lines 53--53
\T1/pcr/m/n/10 correspondence: two orthogonal hyperplanes, the real

Underfull \hbox (badness 10000) in paragraph at lines 53--53
\T1/pcr/m/n/10 plane as the standard substrate of observable events

Underfull \hbox (badness 10000) in paragraph at lines 53--53
\T1/pcr/m/n/10 and the imaginary plane as the spectral register,

Underfull \hbox (badness 10000) in paragraph at lines 53--53
\T1/pcr/m/n/10 converging at the point $\OMS/cmsy/m/n/10 ;$\T1/pcr/m/n/10 . The
 intersection emerges

Underfull \hbox (badness 10000) in paragraph at lines 53--53
\T1/pcr/m/n/10 through curvature in a non-local phase space, forming

[94 </Users/riccardo/Repositories/NULL_MESH/nullmesh/figures/figure-EN.pdf>]
[95]
[96])
[97]
[98]
[99 </Users/riccardo/Repositories/NULL_MESH/nullmesh/figures/figure-EN.pdf>]
[100]
[101]
(/Users/riccardo/Repositories/NULL_MESH/nullmesh/chapters/ch09_deep_sea_flashba
ck.tex
[102]
Chapter 10.

[103]
[104]
[105]
[106])
[107]
[108] (/Users/riccardo/Repositories/NULL_MESH/nullmesh/back/epilogue.tex
[109]
[110])
[111] (/Users/riccardo/Repositories/NULL_MESH/nullmesh/back/overview.tex
[112]
[113])
[114] (/Users/riccardo/Repositories/NULL_MESH/nullmesh/back/glossary_terms.tex
[115])
[116] (/Users/riccardo/Repositories/NULL_MESH/nullmesh/back/tracksources.tex
[117] (/usr/local/texlive/2025/texmf-dist/tex/latex/cjk/texinput/UTF8/UTF8.enc)
 (/usr/local/texlive/2025/texmf-dist/tex/latex/cjk/texinput/UTF8/UTF8.chr)

LaTeX Font Warning: Font shape `C70/bsmi/m/it' undefined
(Font)              using `C70/bsmi/m/n' instead on input line 67.

)
[118]
[119]
[120 </Users/riccardo/Repositories/NULL_MESH/nullmesh/cover/back-cover.pdf>]
(/Users/riccardo/Repositories/NULL_MESH/nullmesh/NULL_MESH.aux)

LaTeX Font Warning: Some font shapes were not available, defaults substituted.

 )
(see the transcript file for additional information)</usr/local/texlive/2025/te
xmf-dist/fonts/type1/arphic/bsmiu/bsmiu4e.pfb></usr/local/texlive/2025/texmf-di
st/fonts/type1/arphic/bsmiu/bsmiu51.pfb></usr/local/texlive/2025/texmf-dist/fon
ts/type1/arphic/bsmiu/bsmiu55.pfb></usr/local/texlive/2025/texmf-dist/fonts/typ
e1/arphic/bsmiu/bsmiu62.pfb></usr/local/texlive/2025/texmf-dist/fonts/type1/arp
hic/bsmiu/bsmiu65.pfb></usr/local/texlive/2025/texmf-dist/fonts/type1/arphic/bs
miu/bsmiu67.pfb></usr/local/texlive/2025/texmf-dist/fonts/type1/public/amsfonts
/cm/cmmi10.pfb></usr/local/texlive/2025/texmf-dist/fonts/type1/public/amsfonts/
cm/cmmi8.pfb></usr/local/texlive/2025/texmf-dist/fonts/type1/public/amsfonts/cm
/cmsy10.pfb></usr/local/texlive/2025/texmf-dist/fonts/type1/public/amsfonts/cm/
cmsy8.pfb></usr/local/texlive/2025/texmf-dist/fonts/type1/public/amsfonts/symbo
ls/msbm10.pfb></usr/local/texlive/2025/texmf-dist/fonts/type1/public/cm-super/s
frm1095.pfb></usr/local/texlive/2025/texmf-dist/fonts/type1/urw/courier/ucrb8a.
pfb></usr/local/texlive/2025/texmf-dist/fonts/type1/urw/courier/ucrr8a.pfb></us
r/local/texlive/2025/texmf-dist/fonts/type1/urw/helvetic/uhvb8a.pfb></usr/local
/texlive/2025/texmf-dist/fonts/type1/urw/helvetic/uhvr8a.pfb></usr/local/texliv
e/2025/texmf-dist/fonts/type1/urw/helvetic/uhvro8a.pfb></usr/local/texlive/2025
/texmf-dist/fonts/type1/urw/palatino/uplb8a.pfb></usr/local/texlive/2025/texmf-
dist/fonts/type1/urw/palatino/uplbi8a.pfb></usr/local/texlive/2025/texmf-dist/f
onts/type1/urw/palatino/uplr8a.pfb></usr/local/texlive/2025/texmf-dist/fonts/ty
pe1/urw/palatino/uplri8a.pfb>
Output written on /Users/riccardo/Repositories/NULL_MESH/nullmesh/NULL_MESH.pdf
 (132 pages, 7477442 bytes).
Transcript written on /Users/riccardo/Repositories/NULL_MESH/nullmesh/NULL_MESH
.log.

=============================================================================
SUCCESS — PDF written to: /Users/riccardo/Repositories/NULL_MESH/NULL_MESH.pdf
=============================================================================

--- Warning / Error Summary ---

Errors   : 0
Warnings : 24

Full log saved to: /Users/riccardo/Repositories/NULL_MESH/compile.log
=============================================================================
