\BOOKMARK [0][-]{chapter*.1}{\376\377\000M\000e\000s\000h\000i\000n\000g}{}% 1
\BOOKMARK [0][-]{section*.2}{\376\377\000M\000a\000p\000p\000a\000\040\000S\000t\000r\000u\000t\000t\000u\000r\000a\000l\000e}{}% 2
\BOOKMARK [0][-]{chapter.1}{\376\377\0001\000\040\000I\000l\000\040\000S\000e\000d\000i\000m\000e\000n\000t\000o}{}% 3
\BOOKMARK [0][-]{section*.3}{\376\377\000C\000h\000i\000a\000c\000c\000h\000i\000e\000r\000o\000n\000i}{}% 4
\BOOKMARK [0][-]{chapter.2}{\376\377\0002\000\040\000L\000'\000A\000t\000t\000e\000n\000z\000i\000o\000n\000e\000\040\000d\000e\000l\000l\000e\000\040\000M\000a\000c\000c\000h\000i\000n\000e}{}% 5
\BOOKMARK [0][-]{section*.4}{\376\377\000V\000i\000a\000n\000d\000a\000n\000t\000i}{}% 6
\BOOKMARK [0][-]{chapter.3}{\376\377\0003\000\040\000R\000i\000t\000i\000\040\000.\000.\000.}{}% 7
\BOOKMARK [0][-]{section*.5}{\376\377\040\046\000\040\000E\000\040\000I\000n\000v\000o\000c\000a\000z\000i\000o\000n\000i}{}% 8
\BOOKMARK [0][-]{chapter.4}{\376\377\0004\000\040\000M\000o\000o\000d\000\040\000A\000b\000l\000i\000t\000e\000r\000a\000t\000i}{}% 9
\BOOKMARK [0][-]{section*.6}{\376\377\000P\000e\000r\000s\000i\000s\000t\000e\000n\000z\000a}{}% 10
\BOOKMARK [0][-]{chapter.5}{\376\377\0005\000\040\000F\000r\000a\000m\000m\000e\000n\000t\000i\000\040\000A\000t\000t\000i\000v\000i}{}% 11
\BOOKMARK [0][-]{section*.7}{\376\377\000M\000a\000r\000e\000e}{}% 12
\BOOKMARK [0][-]{chapter.6}{\376\377\0006\000\040\000M\000e\000s\000h\000i\000f\000i\000c\000a\000z\000i\000o\000n\000e}{}% 13
\BOOKMARK [0][-]{section*.8}{\376\377\000C\000o\000m\000u\000n\000i\000c\000a\000t\000o}{}% 14
\BOOKMARK [0][-]{chapter.7}{\376\377\0007\000\040\000N\000U\000L\000L\000\040\000M\000E\000S\000H}{}% 15
\BOOKMARK [0][-]{section*.9}{\376\377\000R\000E\000A\000L\0004\000R\000E\000A\000L}{}% 16
\BOOKMARK [0][-]{chapter.8}{\376\377\0008\000\040\000F\000i\000n\000a\000l\000i\000t\000\340\000\040\000A\000r\000t\000i\000f\000i\000c\000i\000a\000l\000e}{}% 17
\BOOKMARK [0][-]{section*.10}{\376\377\000I\000l\000\040\000P\000a\000s\000s\000a\000g\000g\000i\000o\000\040\000A\000r\000t\000i\000c\000o}{}% 18
\BOOKMARK [0][-]{chapter.9}{\376\377\0009\000\040\000D\000e\000n\000t\000r\000o\000\040\000l\000a\000\040\000S\000i\000m\000u\000l\000a\000z\000i\000o\000n\000e}{}% 19
\BOOKMARK [1][-]{section*.11}{\376\377\000V\000i\000s\000i\000o\000n\000i}{chapter.9}% 20
\BOOKMARK [1][-]{section*.12}{\376\377\000R\000e\000s\000i\000d\000u\000o\000\040\000C\000r\000e\000a\000t\000i\000v\000o}{chapter.9}% 21
\BOOKMARK [1][-]{section*.13}{\376\377\000T\000r\000a\000m\000e\000\040\000A\000c\000a\000u\000s\000a\000l\000i}{chapter.9}% 22
\BOOKMARK [1][-]{section*.14}{\376\377\000I\000l\000l\000u\000m\000i\000n\000a\000z\000i\000o\000n\000e}{chapter.9}% 23
\BOOKMARK [0][-]{chapter.10}{\376\377\0001\0000\000\040\000F\000l\000a\000s\000h\000b\000a\000c\000k\000\040\000A\000b\000i\000s\000s\000a\000l\000e}{}% 24
\BOOKMARK [0][-]{section*.15}{\376\377\000T\000e\000r\000m\000i\000n\000a\000z\000i\000o\000n\000e}{}% 25
\BOOKMARK [0][-]{section*.16}{\376\377\000N\000U\000L\000L\000\040\000M\000E\000S\000H}{}% 26
\BOOKMARK [0][-]{section*.17}{\376\377\000G\000l\000o\000s\000s\000a\000r\000i\000o}{}% 27
\BOOKMARK [0][-]{section*.18}{\376\377\000F\000o\000n\000t\000i\000\040\000A\000c\000u\000s\000t\000i\000c\000h\000e}{}% 28
